Archive member included to satisfy reference by file (symbol)

e:/programing dev softwares/stm32cubeide_1.10.1/stm32cubeide/plugins/com.st.stm32cube.ide.mcu.externaltools.gnu-tools-for-stm32.10.3-2021.10.win32_1.0.0.202111181127/tools/bin/../lib/gcc/arm-none-eabi/10.3.1/../../../../arm-none-eabi/lib/thumb/v7e-m+fp/hard\libc_nano.a(lib_a-errno.o)
                              ./Core/Src/syscalls.o (__errno)
e:/programing dev softwares/stm32cubeide_1.10.1/stm32cubeide/plugins/com.st.stm32cube.ide.mcu.externaltools.gnu-tools-for-stm32.10.3-2021.10.win32_1.0.0.202111181127/tools/bin/../lib/gcc/arm-none-eabi/10.3.1/../../../../arm-none-eabi/lib/thumb/v7e-m+fp/hard\libc_nano.a(lib_a-exit.o)
                              e:/programing dev softwares/stm32cubeide_1.10.1/stm32cubeide/plugins/com.st.stm32cube.ide.mcu.externaltools.gnu-tools-for-stm32.10.3-2021.10.win32_1.0.0.202111181127/tools/bin/../lib/gcc/arm-none-eabi/10.3.1/../../../../arm-none-eabi/lib/thumb/v7e-m+fp/hard/crt0.o (exit)
e:/programing dev softwares/stm32cubeide_1.10.1/stm32cubeide/plugins/com.st.stm32cube.ide.mcu.externaltools.gnu-tools-for-stm32.10.3-2021.10.win32_1.0.0.202111181127/tools/bin/../lib/gcc/arm-none-eabi/10.3.1/../../../../arm-none-eabi/lib/thumb/v7e-m+fp/hard\libc_nano.a(lib_a-impure.o)
                              e:/programing dev softwares/stm32cubeide_1.10.1/stm32cubeide/plugins/com.st.stm32cube.ide.mcu.externaltools.gnu-tools-for-stm32.10.3-2021.10.win32_1.0.0.202111181127/tools/bin/../lib/gcc/arm-none-eabi/10.3.1/../../../../arm-none-eabi/lib/thumb/v7e-m+fp/hard\libc_nano.a(lib_a-exit.o) (_global_impure_ptr)
e:/programing dev softwares/stm32cubeide_1.10.1/stm32cubeide/plugins/com.st.stm32cube.ide.mcu.externaltools.gnu-tools-for-stm32.10.3-2021.10.win32_1.0.0.202111181127/tools/bin/../lib/gcc/arm-none-eabi/10.3.1/../../../../arm-none-eabi/lib/thumb/v7e-m+fp/hard\libc_nano.a(lib_a-init.o)
                              e:/programing dev softwares/stm32cubeide_1.10.1/stm32cubeide/plugins/com.st.stm32cube.ide.mcu.externaltools.gnu-tools-for-stm32.10.3-2021.10.win32_1.0.0.202111181127/tools/bin/../lib/gcc/arm-none-eabi/10.3.1/../../../../arm-none-eabi/lib/thumb/v7e-m+fp/hard/crt0.o (__libc_init_array)
e:/programing dev softwares/stm32cubeide_1.10.1/stm32cubeide/plugins/com.st.stm32cube.ide.mcu.externaltools.gnu-tools-for-stm32.10.3-2021.10.win32_1.0.0.202111181127/tools/bin/../lib/gcc/arm-none-eabi/10.3.1/../../../../arm-none-eabi/lib/thumb/v7e-m+fp/hard\libc_nano.a(lib_a-memset.o)
                              e:/programing dev softwares/stm32cubeide_1.10.1/stm32cubeide/plugins/com.st.stm32cube.ide.mcu.externaltools.gnu-tools-for-stm32.10.3-2021.10.win32_1.0.0.202111181127/tools/bin/../lib/gcc/arm-none-eabi/10.3.1/../../../../arm-none-eabi/lib/thumb/v7e-m+fp/hard/crt0.o (memset)
e:/programing dev softwares/stm32cubeide_1.10.1/stm32cubeide/plugins/com.st.stm32cube.ide.mcu.externaltools.gnu-tools-for-stm32.10.3-2021.10.win32_1.0.0.202111181127/tools/bin/../lib/gcc/arm-none-eabi/10.3.1/thumb/v7e-m+fp/hard\libgcc.a(_aeabi_uldivmod.o)
                              ./Drivers/STM32F4xx_HAL_Driver/stm32f4xx_hal_rcc.o (__aeabi_uldivmod)
e:/programing dev softwares/stm32cubeide_1.10.1/stm32cubeide/plugins/com.st.stm32cube.ide.mcu.externaltools.gnu-tools-for-stm32.10.3-2021.10.win32_1.0.0.202111181127/tools/bin/../lib/gcc/arm-none-eabi/10.3.1/thumb/v7e-m+fp/hard\libgcc.a(_udivmoddi4.o)
                              e:/programing dev softwares/stm32cubeide_1.10.1/stm32cubeide/plugins/com.st.stm32cube.ide.mcu.externaltools.gnu-tools-for-stm32.10.3-2021.10.win32_1.0.0.202111181127/tools/bin/../lib/gcc/arm-none-eabi/10.3.1/thumb/v7e-m+fp/hard\libgcc.a(_aeabi_uldivmod.o) (__udivmoddi4)
e:/programing dev softwares/stm32cubeide_1.10.1/stm32cubeide/plugins/com.st.stm32cube.ide.mcu.externaltools.gnu-tools-for-stm32.10.3-2021.10.win32_1.0.0.202111181127/tools/bin/../lib/gcc/arm-none-eabi/10.3.1/thumb/v7e-m+fp/hard\libgcc.a(_dvmd_tls.o)
                              e:/programing dev softwares/stm32cubeide_1.10.1/stm32cubeide/plugins/com.st.stm32cube.ide.mcu.externaltools.gnu-tools-for-stm32.10.3-2021.10.win32_1.0.0.202111181127/tools/bin/../lib/gcc/arm-none-eabi/10.3.1/thumb/v7e-m+fp/hard\libgcc.a(_aeabi_uldivmod.o) (__aeabi_ldiv0)

Discarded input sections

 .text          0x0000000000000000        0x0 e:/programing dev softwares/stm32cubeide_1.10.1/stm32cubeide/plugins/com.st.stm32cube.ide.mcu.externaltools.gnu-tools-for-stm32.10.3-2021.10.win32_1.0.0.202111181127/tools/bin/../lib/gcc/arm-none-eabi/10.3.1/thumb/v7e-m+fp/hard/crti.o
 .data          0x0000000000000000        0x0 e:/programing dev softwares/stm32cubeide_1.10.1/stm32cubeide/plugins/com.st.stm32cube.ide.mcu.externaltools.gnu-tools-for-stm32.10.3-2021.10.win32_1.0.0.202111181127/tools/bin/../lib/gcc/arm-none-eabi/10.3.1/thumb/v7e-m+fp/hard/crti.o
[...]
Memory Configuration

Name             Origin             Length             Attributes
CCMRAM           0x0000000010000000 0x0000000000010000 xrw
RAM              0x0000000020000000 0x0000000000030000 xrw
FLASH            0x0000000008000000 0x0000000000200000 xr
*default*        0x0000000000000000 0xffffffffffffffff

Linker script and memory map

LOAD e:/programing dev softwares/stm32cubeide_1.10.1/stm32cubeide/plugins/com.st.stm32cube.ide.mcu.externaltools.gnu-tools-for-stm32.10.3-2021.10.win32_1.0.0.202111181127/tools/bin/../lib/gcc/arm-none-eabi/10.3.1/thumb/v7e-m+fp/hard/crti.o
LOAD e:/programing dev softwares/stm32cubeide_1.10.1/stm32cubeide/plugins/com.st.stm32cube.ide.mcu.externaltools.gnu-tools-for-stm32.10.3-2021.10.win32_1.0.0.202111181127/tools/bin/../lib/gcc/arm-none-eabi/10.3.1/thumb/v7e-m+fp/hard/crtbegin.o
LOAD e:/programing dev softwares/stm32cubeide_1.10.1/stm32cubeide/plugins/com.st.stm32cube.ide.mcu.externaltools.gnu-tools-for-stm32.10.3-2021.10.win32_1.0.0.202111181127/tools/bin/../lib/gcc/arm-none-eabi/10.3.1/../../../../arm-none-eabi/lib/thumb/v7e-m+fp/hard/crt0.o
LOAD ./Core/Src/main.o
LOAD ./Core/Src/stm32f4xx_hal_msp.o
LOAD ./Core/Src/stm32f4xx_it.o
LOAD ./Core/Src/syscalls.o
LOAD ./Core/Src/sysmem.o
LOAD ./Core/Src/system_stm32f4xx.o
LOAD ./Core/Startup/startup_stm32f429zitx.o
LOAD ./Drivers/BSP/Components/cs43l22/cs43l22.o
LOAD ./Drivers/BSP/Components/dp83848/dp83848.o
LOAD ./Drivers/BSP/Components/exc7200/exc7200.o
LOAD ./Drivers/BSP/Components/ft3x67/ft3x67.o
LOAD ./Drivers/BSP/Components/ft6x06/ft6x06.o
LOAD ./Drivers/BSP/Components/i3g4250d/i3g4250d.o
LOAD ./Drivers/BSP/Components/ili9325/ili9325.o
LOAD ./Drivers/BSP/Components/ili9341/ili9341.o
LOAD ./Drivers/BSP/Components/l3gd20/l3gd20.o
LOAD ./Drivers/BSP/Components/lan8742/lan8742.o
LOAD ./Drivers/BSP/Components/lis302dl/lis302dl.o
LOAD ./Drivers/BSP/Components/lis3dsh/lis3dsh.o
LOAD ./Drivers/BSP/Components/ls016b8uy/ls016b8uy.o
LOAD ./Drivers/BSP/Components/lsm303agr/lsm303agr.o
LOAD ./Drivers/BSP/Components/lsm303dlhc/lsm303dlhc.o
LOAD ./Drivers/BSP/Components/mfxstm32l152/mfxstm32l152.o
LOAD ./Drivers/BSP/Components/nt35510/nt35510.o
LOAD ./Drivers/BSP/Components/otm8009a/otm8009a.o
LOAD ./Drivers/BSP/Components/ov2640/ov2640.o
LOAD ./Drivers/BSP/Components/ov5640/ov5640.o
LOAD ./Drivers/BSP/Components/s5k5cag/s5k5cag.o
LOAD ./Drivers/BSP/Components/st7735/st7735.o
LOAD ./Drivers/BSP/Components/st7789h2/st7789h2.o
LOAD ./Drivers/BSP/Components/stmpe1600/stmpe1600.o
LOAD ./Drivers/BSP/Components/stmpe811/stmpe811.o
LOAD ./Drivers/BSP/Components/ts3510/ts3510.o
LOAD ./Drivers/BSP/Components/wm8994/wm8994.o
LOAD ./Drivers/BSP/STM32F429I-Discovery/stm32f429i_discovery.o
LOAD ./Drivers/BSP/STM32F429I-Discovery/stm32f429i_discovery_eeprom.o
LOAD ./Drivers/BSP/STM32F429I-Discovery/stm32f429i_discovery_gyroscope.o
LOAD ./Drivers/BSP/STM32F429I-Discovery/stm32f429i_discovery_io.o
LOAD ./Drivers/BSP/STM32F429I-Discovery/stm32f429i_discovery_lcd.o
LOAD ./Drivers/BSP/STM32F429I-Discovery/stm32f429i_discovery_sdram.o
LOAD ./Drivers/BSP/STM32F429I-Discovery/stm32f429i_discovery_ts.o
LOAD ./Drivers/STM32F4xx_HAL_Driver/stm32f4xx_hal.o
LOAD ./Drivers/STM32F4xx_HAL_Driver/stm32f4xx_hal_cortex.o
LOAD ./Drivers/STM32F4xx_HAL_Driver/stm32f4xx_hal_dma.o
LOAD ./Drivers/STM32F4xx_HAL_Driver/stm32f4xx_hal_dma2d.o
LOAD ./Drivers/STM32F4xx_HAL_Driver/stm32f4xx_hal_dma_ex.o
LOAD ./Drivers/STM32F4xx_HAL_Driver/stm32f4xx_hal_exti.o
LOAD ./Drivers/STM32F4xx_HAL_Driver/stm32f4xx_hal_flash.o
LOAD ./Drivers/STM32F4xx_HAL_Driver/stm32f4xx_hal_flash_ex.o
LOAD ./Drivers/STM32F4xx_HAL_Driver/stm32f4xx_hal_flash_ramfunc.o
LOAD ./Drivers/STM32F4xx_HAL_Driver/stm32f4xx_hal_gpio.o
LOAD ./Drivers/STM32F4xx_HAL_Driver/stm32f4xx_hal_i2c.o
LOAD ./Drivers/STM32F4xx_HAL_Driver/stm32f4xx_hal_ltdc.o
LOAD ./Drivers/STM32F4xx_HAL_Driver/stm32f4xx_hal_pcd.o
LOAD ./Drivers/STM32F4xx_HAL_Driver/stm32f4xx_hal_pcd_ex.o
LOAD ./Drivers/STM32F4xx_HAL_Driver/stm32f4xx_hal_pwr.o
LOAD ./Drivers/STM32F4xx_HAL_Driver/stm32f4xx_hal_pwr_ex.o
LOAD ./Drivers/STM32F4xx_HAL_Driver/stm32f4xx_hal_rcc.o
LOAD ./Drivers/STM32F4xx_HAL_Driver/stm32f4xx_hal_rcc_ex.o
LOAD ./Drivers/STM32F4xx_HAL_Driver/stm32f4xx_hal_sdram.o
LOAD ./Drivers/STM32F4xx_HAL_Driver/stm32f4xx_hal_spi.o
LOAD ./Drivers/STM32F4xx_HAL_Driver/stm32f4xx_hal_tim.o
LOAD ./Drivers/STM32F4xx_HAL_Driver/stm32f4xx_hal_tim_ex.o
LOAD ./Drivers/STM32F4xx_HAL_Driver/stm32f4xx_ll_fmc.o
LOAD ./Drivers/STM32F4xx_HAL_Driver/stm32f4xx_ll_usb.o
LOAD ./Middlewares/USB_Device_Library/usbd_cdc.o
LOAD ./Middlewares/USB_Device_Library/usbd_core.o
LOAD ./Middlewares/USB_Device_Library/usbd_ctlreq.o
LOAD ./Middlewares/USB_Device_Library/usbd_ioreq.o
LOAD ./USB_DEVICE/App/usb_device.o
LOAD ./USB_DEVICE/App/usbd_cdc_if.o
LOAD ./USB_DEVICE/App/usbd_desc.o
LOAD ./USB_DEVICE/Target/usbd_conf.o
START GROUP
LOAD e:/programing dev softwares/stm32cubeide_1.10.1/stm32cubeide/plugins/com.st.stm32cube.ide.mcu.externaltools.gnu-tools-for-stm32.10.3-2021.10.win32_1.0.0.202111181127/tools/bin/../lib/gcc/arm-none-eabi/10.3.1/../../../../arm-none-eabi/lib/thumb/v7e-m+fp/hard\libc_nano.a
LOAD e:/programing dev softwares/stm32cubeide_1.10.1/stm32cubeide/plugins/com.st.stm32cube.ide.mcu.externaltools.gnu-tools-for-stm32.10.3-2021.10.win32_1.0.0.202111181127/tools/bin/../lib/gcc/arm-none-eabi/10.3.1/../../../../arm-none-eabi/lib/thumb/v7e-m+fp/hard\libm.a
END GROUP
START GROUP
LOAD e:/programing dev softwares/stm32cubeide_1.10.1/stm32cubeide/plugins/com.st.stm32cube.ide.mcu.externaltools.gnu-tools-for-stm32.10.3-2021.10.win32_1.0.0.202111181127/tools/bin/../lib/gcc/arm-none-eabi/10.3.1/thumb/v7e-m+fp/hard\libgcc.a
LOAD e:/programing dev softwares/stm32cubeide_1.10.1/stm32cubeide/plugins/com.st.stm32cube.ide.mcu.externaltools.gnu-tools-for-stm32.10.3-2021.10.win32_1.0.0.202111181127/tools/bin/../lib/gcc/arm-none-eabi/10.3.1/../../../../arm-none-eabi/lib/thumb/v7e-m+fp/hard\libc_nano.a
END GROUP
START GROUP
LOAD e:/programing dev softwares/stm32cubeide_1.10.1/stm32cubeide/plugins/com.st.stm32cube.ide.mcu.externaltools.gnu-tools-for-stm32.10.3-2021.10.win32_1.0.0.202111181127/tools/bin/../lib/gcc/arm-none-eabi/10.3.1/thumb/v7e-m+fp/hard\libgcc.a
LOAD e:/programing dev softwares/stm32cubeide_1.10.1/stm32cubeide/plugins/com.st.stm32cube.ide.mcu.externaltools.gnu-tools-for-stm32.10.3-2021.10.win32_1.0.0.202111181127/tools/bin/../lib/gcc/arm-none-eabi/10.3.1/../../../../arm-none-eabi/lib/thumb/v7e-m+fp/hard\libc_nano.a
LOAD e:/programing dev softwares/stm32cubeide_1.10.1/stm32cubeide/plugins/com.st.stm32cube.ide.mcu.externaltools.gnu-tools-for-stm32.10.3-2021.10.win32_1.0.0.202111181127/tools/bin/../lib/gcc/arm-none-eabi/10.3.1/../../../../arm-none-eabi/lib/thumb/v7e-m+fp/hard\libnosys.a
END GROUP
START GROUP
LOAD e:/programing dev softwares/stm32cubeide_1.10.1/stm32cubeide/plugins/com.st.stm32cube.ide.mcu.externaltools.gnu-tools-for-stm32.10.3-2021.10.win32_1.0.0.202111181127/tools/bin/../lib/gcc/arm-none-eabi/10.3.1/thumb/v7e-m+fp/hard\libgcc.a
LOAD e:/programing dev softwares/stm32cubeide_1.10.1/stm32cubeide/plugins/com.st.stm32cube.ide.mcu.externaltools.gnu-tools-for-stm32.10.3-2021.10.win32_1.0.0.202111181127/tools/bin/../lib/gcc/arm-none-eabi/10.3.1/../../../../arm-none-eabi/lib/thumb/v7e-m+fp/hard\libc_nano.a
LOAD e:/programing dev softwares/stm32cubeide_1.10.1/stm32cubeide/plugins/com.st.stm32cube.ide.mcu.externaltools.gnu-tools-for-stm32.10.3-2021.10.win32_1.0.0.202111181127/tools/bin/../lib/gcc/arm-none-eabi/10.3.1/../../../../arm-none-eabi/lib/thumb/v7e-m+fp/hard\libnosys.a
END GROUP
LOAD e:/programing dev softwares/stm32cubeide_1.10.1/stm32cubeide/plugins/com.st.stm32cube.ide.mcu.externaltools.gnu-tools-for-stm32.10.3-2021.10.win32_1.0.0.202111181127/tools/bin/../lib/gcc/arm-none-eabi/10.3.1/thumb/v7e-m+fp/hard/crtend.o
LOAD e:/programing dev softwares/stm32cubeide_1.10.1/stm32cubeide/plugins/com.st.stm32cube.ide.mcu.externaltools.gnu-tools-for-stm32.10.3-2021.10.win32_1.0.0.202111181127/tools/bin/../lib/gcc/arm-none-eabi/10.3.1/thumb/v7e-m+fp/hard/crtn.o
                0x0000000020030000                _estack = (ORIGIN (RAM) + LENGTH (RAM))
                0x0000000000000200                _Min_Heap_Size = 0x200
                0x0000000000000400                _Min_Stack_Size = 0x400

.isr_vector     0x0000000008000000      0x1ac
                0x0000000008000000                . = ALIGN (0x4)
 *(.isr_vector)
 .isr_vector    0x0000000008000000      0x1ac ./Core/Startup/startup_stm32f429zitx.o
                0x0000000008000000                g_pfnVectors
                0x00000000080001ac                . = ALIGN (0x4)

.text           0x00000000080001ac     0xa32c
                0x00000000080001ac                . = ALIGN (0x4)
 *(.text)
 .text          0x00000000080001ac       0x40 e:/programing dev softwares/stm32cubeide_1.10.1/stm32cubeide/plugins/com.st.stm32cube.ide.mcu.externaltools.gnu-tools-for-stm32.10.3-2021.10.win32_1.0.0.202111181127/tools/bin/../lib/gcc/arm-none-eabi/10.3.1/thumb/v7e-m+fp/hard/crtbegin.o
 .text          0x00000000080001ec       0x30 e:/programing dev softwares/stm32cubeide_1.10.1/stm32cubeide/plugins/com.st.stm32cube.ide.mcu.externaltools.gnu-tools-for-stm32.10.3-2021.10.win32_1.0.0.202111181127/tools/bin/../lib/gcc/arm-none-eabi/10.3.1/thumb/v7e-m+fp/hard\libgcc.a(_aeabi_uldivmod.o)
                0x00000000080001ec                __aeabi_uldivmod
 .text          0x000000000800021c      0x2d0 e:/programing dev softwares/stm32cubeide_1.10.1/stm32cubeide/plugins/com.st.stm32cube.ide.mcu.externaltools.gnu-tools-for-stm32.10.3-2021.10.win32_1.0.0.202111181127/tools/bin/../lib/gcc/arm-none-eabi/10.3.1/thumb/v7e-m+fp/hard\libgcc.a(_udivmoddi4.o)
                0x000000000800021c                __udivmoddi4
 .text          0x00000000080004ec        0x4 e:/programing dev softwares/stm32cubeide_1.10.1/stm32cubeide/plugins/com.st.stm32cube.ide.mcu.externaltools.gnu-tools-for-stm32.10.3-2021.10.win32_1.0.0.202111181127/tools/bin/../lib/gcc/arm-none-eabi/10.3.1/thumb/v7e-m+fp/hard\libgcc.a(_dvmd_tls.o)
                0x00000000080004ec                __aeabi_idiv0
                0x00000000080004ec                __aeabi_ldiv0
 *(.text*)
 .text.main     0x00000000080004f0      0x148 ./Core/Src/main.o
                0x00000000080004f0                main
 .text.SystemClock_Config
                0x0000000008000638       0xd4 ./Core/Src/main.o
                0x0000000008000638                SystemClock_Config
 .text.MX_GPIO_Init
                0x000000000800070c       0xc0 ./Core/Src/main.o
 .text.Error_Handler
                0x00000000080007cc        0xa ./Core/Src/main.o
                0x00000000080007cc                Error_Handler
 *fill*         0x00000000080007d6        0x2 
 .text.HAL_MspInit
                0x00000000080007d8       0x50 ./Core/Src/stm32f4xx_hal_msp.o
                0x00000000080007d8                HAL_MspInit
 .text.NMI_Handler
                0x0000000008000828        0x6 ./Core/Src/stm32f4xx_it.o
                0x0000000008000828                NMI_Handler
 .text.HardFault_Handler
                0x000000000800082e        0x6 ./Core/Src/stm32f4xx_it.o
                0x000000000800082e                HardFault_Handler
 .text.MemManage_Handler
                0x0000000008000834        0x6 ./Core/Src/stm32f4xx_it.o
                0x0000000008000834                MemManage_Handler
 .text.BusFault_Handler
                0x000000000800083a        0x6 ./Core/Src/stm32f4xx_it.o
                0x000000000800083a                BusFault_Handler
 .text.UsageFault_Handler
                0x0000000008000840        0x6 ./Core/Src/stm32f4xx_it.o
                0x0000000008000840                UsageFault_Handler
 .text.SVC_Handler
                0x0000000008000846        0xe ./Core/Src/stm32f4xx_it.o
                0x0000000008000846                SVC_Handler
 .text.DebugMon_Handler
                0x0000000008000854        0xe ./Core/Src/stm32f4xx_it.o
                0x0000000008000854                DebugMon_Handler
 .text.PendSV_Handler
                0x0000000008000862        0xe ./Core/Src/stm32f4xx_it.o
                0x0000000008000862                PendSV_Handler
 .text.SysTick_Handler
                0x0000000008000870        0xc ./Core/Src/stm32f4xx_it.o
                0x0000000008000870                SysTick_Handler
 .text.OTG_HS_IRQHandler
                0x000000000800087c       0x14 ./Core/Src/stm32f4xx_it.o
                0x000000000800087c                OTG_HS_IRQHandler
 .text.SystemInit
                0x0000000008000890       0x24 ./Core/Src/system_stm32f4xx.o
                0x0000000008000890                SystemInit
 .text.Reset_Handler
                0x00000000080008b4       0x50 ./Core/Startup/startup_stm32f429zitx.o
                0x00000000080008b4                Reset_Handler
 .text.Default_Handler
                0x0000000008000904        0x2 ./Core/Startup/startup_stm32f429zitx.o
                0x0000000008000904                RTC_Alarm_IRQHandler
                0x0000000008000904                HASH_RNG_IRQHandler
                0x0000000008000904                EXTI2_IRQHandler
                0x0000000008000904                TIM8_CC_IRQHandler
                0x0000000008000904                UART8_IRQHandler
                0x0000000008000904                SPI4_IRQHandler
                0x0000000008000904                TIM1_CC_IRQHandler
                0x0000000008000904                DMA2_Stream5_IRQHandler
                0x0000000008000904                DMA1_Stream5_IRQHandler
                0x0000000008000904                PVD_IRQHandler
                0x0000000008000904                SDIO_IRQHandler
                0x0000000008000904                TAMP_STAMP_IRQHandler
                0x0000000008000904                CAN2_RX1_IRQHandler
                0x0000000008000904                EXTI3_IRQHandler
                0x0000000008000904                TIM8_TRG_COM_TIM14_IRQHandler
                0x0000000008000904                TIM1_UP_TIM10_IRQHandler
                0x0000000008000904                TIM8_UP_TIM13_IRQHandler
                0x0000000008000904                I2C3_ER_IRQHandler
                0x0000000008000904                EXTI0_IRQHandler
                0x0000000008000904                I2C2_EV_IRQHandler
                0x0000000008000904                DMA1_Stream2_IRQHandler
                0x0000000008000904                CAN1_RX0_IRQHandler
                0x0000000008000904                FPU_IRQHandler
                0x0000000008000904                OTG_HS_WKUP_IRQHandler
                0x0000000008000904                LTDC_ER_IRQHandler
                0x0000000008000904                CAN2_SCE_IRQHandler
                0x0000000008000904                DMA2_Stream2_IRQHandler
                0x0000000008000904                SPI1_IRQHandler
                0x0000000008000904                TIM6_DAC_IRQHandler
                0x0000000008000904                TIM1_BRK_TIM9_IRQHandler
                0x0000000008000904                DCMI_IRQHandler
                0x0000000008000904                CAN2_RX0_IRQHandler
                0x0000000008000904                DMA2_Stream3_IRQHandler
                0x0000000008000904                USART6_IRQHandler
                0x0000000008000904                USART3_IRQHandler
                0x0000000008000904                CAN1_RX1_IRQHandler
                0x0000000008000904                UART5_IRQHandler
                0x0000000008000904                DMA2_Stream0_IRQHandler
                0x0000000008000904                TIM4_IRQHandler
                0x0000000008000904                I2C1_EV_IRQHandler
                0x0000000008000904                DMA1_Stream6_IRQHandler
                0x0000000008000904                DMA1_Stream1_IRQHandler
                0x0000000008000904                UART4_IRQHandler
                0x0000000008000904                TIM3_IRQHandler
                0x0000000008000904                RCC_IRQHandler
                0x0000000008000904                TIM8_BRK_TIM12_IRQHandler
                0x0000000008000904                Default_Handler
                0x0000000008000904                EXTI15_10_IRQHandler
                0x0000000008000904                ADC_IRQHandler
                0x0000000008000904                DMA1_Stream7_IRQHandler
                0x0000000008000904                SPI5_IRQHandler
                0x0000000008000904                TIM7_IRQHandler
                0x0000000008000904                CAN2_TX_IRQHandler
                0x0000000008000904                TIM5_IRQHandler
                0x0000000008000904                DMA2_Stream7_IRQHandler
                0x0000000008000904                I2C3_EV_IRQHandler
                0x0000000008000904                EXTI9_5_IRQHandler
                0x0000000008000904                RTC_WKUP_IRQHandler
                0x0000000008000904                LTDC_IRQHandler
                0x0000000008000904                ETH_WKUP_IRQHandler
                0x0000000008000904                SPI2_IRQHandler
                0x0000000008000904                OTG_HS_EP1_IN_IRQHandler
                0x0000000008000904                DMA1_Stream0_IRQHandler
                0x0000000008000904                CAN1_TX_IRQHandler
                0x0000000008000904                EXTI4_IRQHandler
                0x0000000008000904                ETH_IRQHandler
                0x0000000008000904                OTG_HS_EP1_OUT_IRQHandler
                0x0000000008000904                WWDG_IRQHandler
                0x0000000008000904                SPI6_IRQHandler
                0x0000000008000904                TIM2_IRQHandler
                0x0000000008000904                OTG_FS_WKUP_IRQHandler
                0x0000000008000904                TIM1_TRG_COM_TIM11_IRQHandler
                0x0000000008000904                DMA2D_IRQHandler
                0x0000000008000904                EXTI1_IRQHandler
                0x0000000008000904                UART7_IRQHandler
                0x0000000008000904                USART2_IRQHandler
                0x0000000008000904                I2C2_ER_IRQHandler
                0x0000000008000904                DMA2_Stream1_IRQHandler
                0x0000000008000904                CAN1_SCE_IRQHandler
                0x0000000008000904                FLASH_IRQHandler
                0x0000000008000904                DMA2_Stream4_IRQHandler
                0x0000000008000904                USART1_IRQHandler
                0x0000000008000904                OTG_FS_IRQHandler
                0x0000000008000904                SPI3_IRQHandler
                0x0000000008000904                DMA1_Stream4_IRQHandler
                0x0000000008000904                I2C1_ER_IRQHandler
                0x0000000008000904                FMC_IRQHandler
                0x0000000008000904                DMA2_Stream6_IRQHandler
                0x0000000008000904                SAI1_IRQHandler
                0x0000000008000904                DMA1_Stream3_IRQHandler
 .text.ili9341_Init
                0x0000000008000906      0x294 ./Drivers/BSP/Components/ili9341/ili9341.o
                0x0000000008000906                ili9341_Init
 .text.ili9341_ReadID
                0x0000000008000b9a       0x18 ./Drivers/BSP/Components/ili9341/ili9341.o
                0x0000000008000b9a                ili9341_ReadID
 .text.ili9341_DisplayOn
                0x0000000008000bb2        0xe ./Drivers/BSP/Components/ili9341/ili9341.o
                0x0000000008000bb2                ili9341_DisplayOn
 .text.ili9341_DisplayOff
                0x0000000008000bc0        0xe ./Drivers/BSP/Components/ili9341/ili9341.o
                0x0000000008000bc0                ili9341_DisplayOff
 .text.ili9341_WriteReg
                0x0000000008000bce       0x1a ./Drivers/BSP/Components/ili9341/ili9341.o
                0x0000000008000bce                ili9341_WriteReg
 .text.ili9341_WriteData
                0x0000000008000be8       0x1a ./Drivers/BSP/Components/ili9341/ili9341.o
                0x0000000008000be8                ili9341_WriteData
 .text.ili9341_ReadData
                0x0000000008000c02       0x26 ./Drivers/BSP/Components/ili9341/ili9341.o
                0x0000000008000c02                ili9341_ReadData
 .text.ili9341_GetLcdPixelWidth
                0x0000000008000c28       0x10 ./Drivers/BSP/Components/ili9341/ili9341.o
                0x0000000008000c28                ili9341_GetLcdPixelWidth
 .text.ili9341_GetLcdPixelHeight
                0x0000000008000c38       0x12 ./Drivers/BSP/Components/ili9341/ili9341.o
                0x0000000008000c38                ili9341_GetLcdPixelHeight
 *fill*         0x0000000008000c4a        0x2 
 .text.SPIx_Init
                0x0000000008000c4c       0x74 ./Drivers/BSP/STM32F429I-Discovery/stm32f429i_discovery.o
 .text.SPIx_Read
                0x0000000008000cc0       0x40 ./Drivers/BSP/STM32F429I-Discovery/stm32f429i_discovery.o
 .text.SPIx_Write
                0x0000000008000d00       0x3c ./Drivers/BSP/STM32F429I-Discovery/stm32f429i_discovery.o
 .text.SPIx_Error
                0x0000000008000d3c       0x18 ./Drivers/BSP/STM32F429I-Discovery/stm32f429i_discovery.o
 .text.SPIx_MspInit
                0x0000000008000d54       0x74 ./Drivers/BSP/STM32F429I-Discovery/stm32f429i_discovery.o
 .text.LCD_IO_Init
                0x0000000008000dc8       0xf0 ./Drivers/BSP/STM32F429I-Discovery/stm32f429i_discovery.o
                0x0000000008000dc8                LCD_IO_Init
 .text.LCD_IO_WriteData
                0x0000000008000eb8       0x44 ./Drivers/BSP/STM32F429I-Discovery/stm32f429i_discovery.o
                0x0000000008000eb8                LCD_IO_WriteData
 .text.LCD_IO_WriteReg
                0x0000000008000efc       0x44 ./Drivers/BSP/STM32F429I-Discovery/stm32f429i_discovery.o
                0x0000000008000efc                LCD_IO_WriteReg
 .text.LCD_IO_ReadData
                0x0000000008000f40       0x64 ./Drivers/BSP/STM32F429I-Discovery/stm32f429i_discovery.o
                0x0000000008000f40                LCD_IO_ReadData
 .text.LCD_Delay
                0x0000000008000fa4       0x16 ./Drivers/BSP/STM32F429I-Discovery/stm32f429i_discovery.o
                0x0000000008000fa4                LCD_Delay
 *fill*         0x0000000008000fba        0x2 
 .text.BSP_LCD_Init
                0x0000000008000fbc       0xd4 ./Drivers/BSP/STM32F429I-Discovery/stm32f429i_discovery_lcd.o
                0x0000000008000fbc                BSP_LCD_Init
 .text.BSP_LCD_GetXSize
                0x0000000008001090       0x18 ./Drivers/BSP/STM32F429I-Discovery/stm32f429i_discovery_lcd.o
                0x0000000008001090                BSP_LCD_GetXSize
 .text.BSP_LCD_GetYSize
                0x00000000080010a8       0x18 ./Drivers/BSP/STM32F429I-Discovery/stm32f429i_discovery_lcd.o
                0x00000000080010a8                BSP_LCD_GetYSize
 .text.BSP_LCD_LayerDefaultInit
                0x00000000080010c0       0xc8 ./Drivers/BSP/STM32F429I-Discovery/stm32f429i_discovery_lcd.o
                0x00000000080010c0                BSP_LCD_LayerDefaultInit
 .text.BSP_LCD_SelectLayer
                0x0000000008001188       0x20 ./Drivers/BSP/STM32F429I-Discovery/stm32f429i_discovery_lcd.o
                0x0000000008001188                BSP_LCD_SelectLayer
 .text.BSP_LCD_SetTextColor
                0x00000000080011a8       0x30 ./Drivers/BSP/STM32F429I-Discovery/stm32f429i_discovery_lcd.o
                0x00000000080011a8                BSP_LCD_SetTextColor
 .text.BSP_LCD_SetBackColor
                0x00000000080011d8       0x34 ./Drivers/BSP/STM32F429I-Discovery/stm32f429i_discovery_lcd.o
                0x00000000080011d8                BSP_LCD_SetBackColor
 .text.BSP_LCD_SetFont
                0x000000000800120c       0x34 ./Drivers/BSP/STM32F429I-Discovery/stm32f429i_discovery_lcd.o
                0x000000000800120c                BSP_LCD_SetFont
 .text.BSP_LCD_Clear
                0x0000000008001240       0x50 ./Drivers/BSP/STM32F429I-Discovery/stm32f429i_discovery_lcd.o
                0x0000000008001240                BSP_LCD_Clear
 .text.BSP_LCD_DisplayChar
                0x0000000008001290       0x88 ./Drivers/BSP/STM32F429I-Discovery/stm32f429i_discovery_lcd.o
                0x0000000008001290                BSP_LCD_DisplayChar
 .text.BSP_LCD_DisplayStringAt
                0x0000000008001318      0x17c ./Drivers/BSP/STM32F429I-Discovery/stm32f429i_discovery_lcd.o
                0x0000000008001318                BSP_LCD_DisplayStringAt
 .text.BSP_LCD_DisplayOn
                0x0000000008001494       0x20 ./Drivers/BSP/STM32F429I-Discovery/stm32f429i_discovery_lcd.o
                0x0000000008001494                BSP_LCD_DisplayOn
 .text.BSP_LCD_MspInit
                0x00000000080014b4      0x1ac ./Drivers/BSP/STM32F429I-Discovery/stm32f429i_discovery_lcd.o
                0x00000000080014b4                BSP_LCD_MspInit
 .text.BSP_LCD_DrawPixel
                0x0000000008001660       0x4c ./Drivers/BSP/STM32F429I-Discovery/stm32f429i_discovery_lcd.o
                0x0000000008001660                BSP_LCD_DrawPixel
 .text.DrawChar
                0x00000000080016ac      0x174 ./Drivers/BSP/STM32F429I-Discovery/stm32f429i_discovery_lcd.o
 .text.FillBuffer
                0x0000000008001820       0x70 ./Drivers/BSP/STM32F429I-Discovery/stm32f429i_discovery_lcd.o
 .text.BSP_SDRAM_Init
                0x0000000008001890       0xbc ./Drivers/BSP/STM32F429I-Discovery/stm32f429i_discovery_sdram.o
                0x0000000008001890                BSP_SDRAM_Init
 .text.BSP_SDRAM_Initialization_sequence
                0x000000000800194c       0xc0 ./Drivers/BSP/STM32F429I-Discovery/stm32f429i_discovery_sdram.o
                0x000000000800194c                BSP_SDRAM_Initialization_sequence
 .text.BSP_SDRAM_MspInit
                0x0000000008001a0c      0x218 ./Drivers/BSP/STM32F429I-Discovery/stm32f429i_discovery_sdram.o
                0x0000000008001a0c                BSP_SDRAM_MspInit
 .text.HAL_Init
                0x0000000008001c24       0x44 ./Drivers/STM32F4xx_HAL_Driver/stm32f4xx_hal.o
                0x0000000008001c24                HAL_Init
 .text.HAL_InitTick
                0x0000000008001c68       0x60 ./Drivers/STM32F4xx_HAL_Driver/stm32f4xx_hal.o
                0x0000000008001c68                HAL_InitTick
 .text.HAL_IncTick
                0x0000000008001cc8       0x28 ./Drivers/STM32F4xx_HAL_Driver/stm32f4xx_hal.o
                0x0000000008001cc8                HAL_IncTick
 .text.HAL_GetTick
                0x0000000008001cf0       0x18 ./Drivers/STM32F4xx_HAL_Driver/stm32f4xx_hal.o
                0x0000000008001cf0                HAL_GetTick
 .text.HAL_Delay
                0x0000000008001d08       0x48 ./Drivers/STM32F4xx_HAL_Driver/stm32f4xx_hal.o
                0x0000000008001d08                HAL_Delay
 .text.__NVIC_SetPriorityGrouping
                0x0000000008001d50       0x48 ./Drivers/STM32F4xx_HAL_Driver/stm32f4xx_hal_cortex.o
 .text.__NVIC_GetPriorityGrouping
                0x0000000008001d98       0x1c ./Drivers/STM32F4xx_HAL_Driver/stm32f4xx_hal_cortex.o
 .text.__NVIC_EnableIRQ
                0x0000000008001db4       0x3c ./Drivers/STM32F4xx_HAL_Driver/stm32f4xx_hal_cortex.o
 .text.__NVIC_SetPriority
                0x0000000008001df0       0x54 ./Drivers/STM32F4xx_HAL_Driver/stm32f4xx_hal_cortex.o
 .text.NVIC_EncodePriority
                0x0000000008001e44       0x66 ./Drivers/STM32F4xx_HAL_Driver/stm32f4xx_hal_cortex.o
 *fill*         0x0000000008001eaa        0x2 
 .text.SysTick_Config
                0x0000000008001eac       0x44 ./Drivers/STM32F4xx_HAL_Driver/stm32f4xx_hal_cortex.o
 .text.HAL_NVIC_SetPriorityGrouping
                0x0000000008001ef0       0x16 ./Drivers/STM32F4xx_HAL_Driver/stm32f4xx_hal_cortex.o
                0x0000000008001ef0                HAL_NVIC_SetPriorityGrouping
 .text.HAL_NVIC_SetPriority
                0x0000000008001f06       0x38 ./Drivers/STM32F4xx_HAL_Driver/stm32f4xx_hal_cortex.o
                0x0000000008001f06                HAL_NVIC_SetPriority
 .text.HAL_NVIC_EnableIRQ
                0x0000000008001f3e       0x1c ./Drivers/STM32F4xx_HAL_Driver/stm32f4xx_hal_cortex.o
                0x0000000008001f3e                HAL_NVIC_EnableIRQ
 .text.HAL_SYSTICK_Config
                0x0000000008001f5a       0x18 ./Drivers/STM32F4xx_HAL_Driver/stm32f4xx_hal_cortex.o
                0x0000000008001f5a                HAL_SYSTICK_Config
 *fill*         0x0000000008001f72        0x2 
 .text.HAL_DMA_Init
                0x0000000008001f74      0x15c ./Drivers/STM32F4xx_HAL_Driver/stm32f4xx_hal_dma.o
                0x0000000008001f74                HAL_DMA_Init
 .text.HAL_DMA_DeInit
                0x00000000080020d0       0xbc ./Drivers/STM32F4xx_HAL_Driver/stm32f4xx_hal_dma.o
                0x00000000080020d0                HAL_DMA_DeInit
 .text.DMA_CalcBaseAndBitshift
                0x000000000800218c       0x6c ./Drivers/STM32F4xx_HAL_Driver/stm32f4xx_hal_dma.o
 .text.DMA_CheckFifoParam
                0x00000000080021f8       0xf8 ./Drivers/STM32F4xx_HAL_Driver/stm32f4xx_hal_dma.o
 .text.HAL_DMA2D_Init
                0x00000000080022f0       0x92 ./Drivers/STM32F4xx_HAL_Driver/stm32f4xx_hal_dma2d.o
                0x00000000080022f0                HAL_DMA2D_Init
 .text.HAL_DMA2D_MspInit
                0x0000000008002382       0x14 ./Drivers/STM32F4xx_HAL_Driver/stm32f4xx_hal_dma2d.o
                0x0000000008002382                HAL_DMA2D_MspInit
 .text.HAL_DMA2D_Start
                0x0000000008002396       0x56 ./Drivers/STM32F4xx_HAL_Driver/stm32f4xx_hal_dma2d.o
                0x0000000008002396                HAL_DMA2D_Start
 .text.HAL_DMA2D_PollForTransfer
                0x00000000080023ec      0x1d2 ./Drivers/STM32F4xx_HAL_Driver/stm32f4xx_hal_dma2d.o
                0x00000000080023ec                HAL_DMA2D_PollForTransfer
 *fill*         0x00000000080025be        0x2 
 .text.HAL_DMA2D_ConfigLayer
                0x00000000080025c0      0x124 ./Drivers/STM32F4xx_HAL_Driver/stm32f4xx_hal_dma2d.o
                0x00000000080025c0                HAL_DMA2D_ConfigLayer
 .text.DMA2D_SetConfig
                0x00000000080026e4      0x138 ./Drivers/STM32F4xx_HAL_Driver/stm32f4xx_hal_dma2d.o
 .text.HAL_GPIO_Init
                0x000000000800281c      0x358 ./Drivers/STM32F4xx_HAL_Driver/stm32f4xx_hal_gpio.o
                0x000000000800281c                HAL_GPIO_Init
 .text.HAL_GPIO_WritePin
                0x0000000008002b74       0x32 ./Drivers/STM32F4xx_HAL_Driver/stm32f4xx_hal_gpio.o
                0x0000000008002b74                HAL_GPIO_WritePin
 *fill*         0x0000000008002ba6        0x2 
 .text.HAL_LTDC_Init
                0x0000000008002ba8      0x1a0 ./Drivers/STM32F4xx_HAL_Driver/stm32f4xx_hal_ltdc.o
                0x0000000008002ba8                HAL_LTDC_Init
 .text.HAL_LTDC_MspInit
                0x0000000008002d48       0x14 ./Drivers/STM32F4xx_HAL_Driver/stm32f4xx_hal_ltdc.o
                0x0000000008002d48                HAL_LTDC_MspInit
 .text.HAL_LTDC_ConfigLayer
                0x0000000008002d5c       0x7c ./Drivers/STM32F4xx_HAL_Driver/stm32f4xx_hal_ltdc.o
                0x0000000008002d5c                HAL_LTDC_ConfigLayer
 .text.HAL_LTDC_EnableDither
                0x0000000008002dd8       0x54 ./Drivers/STM32F4xx_HAL_Driver/stm32f4xx_hal_ltdc.o
                0x0000000008002dd8                HAL_LTDC_EnableDither
 .text.LTDC_SetConfig
                0x0000000008002e2c      0x32e ./Drivers/STM32F4xx_HAL_Driver/stm32f4xx_hal_ltdc.o
 .text.HAL_PCD_Init
                0x000000000800315a      0x23a ./Drivers/STM32F4xx_HAL_Driver/stm32f4xx_hal_pcd.o
                0x000000000800315a                HAL_PCD_Init
 .text.HAL_PCD_Start
                0x0000000008003394       0x66 ./Drivers/STM32F4xx_HAL_Driver/stm32f4xx_hal_pcd.o
                0x0000000008003394                HAL_PCD_Start
 .text.HAL_PCD_IRQHandler
                0x00000000080033fa      0x93e ./Drivers/STM32F4xx_HAL_Driver/stm32f4xx_hal_pcd.o
                0x00000000080033fa                HAL_PCD_IRQHandler
 .text.HAL_PCD_SetAddress
                0x0000000008003d38       0x4a ./Drivers/STM32F4xx_HAL_Driver/stm32f4xx_hal_pcd.o
                0x0000000008003d38                HAL_PCD_SetAddress
 .text.HAL_PCD_EP_Open
                0x0000000008003d82       0xd0 ./Drivers/STM32F4xx_HAL_Driver/stm32f4xx_hal_pcd.o
                0x0000000008003d82                HAL_PCD_EP_Open
 .text.HAL_PCD_EP_Close
                0x0000000008003e52       0x94 ./Drivers/STM32F4xx_HAL_Driver/stm32f4xx_hal_pcd.o
                0x0000000008003e52                HAL_PCD_EP_Close
 .text.HAL_PCD_EP_Receive
                0x0000000008003ee6       0x96 ./Drivers/STM32F4xx_HAL_Driver/stm32f4xx_hal_pcd.o
                0x0000000008003ee6                HAL_PCD_EP_Receive
 .text.HAL_PCD_EP_GetRxCount
                0x0000000008003f7c       0x30 ./Drivers/STM32F4xx_HAL_Driver/stm32f4xx_hal_pcd.o
                0x0000000008003f7c                HAL_PCD_EP_GetRxCount
 .text.HAL_PCD_EP_Transmit
                0x0000000008003fac       0x94 ./Drivers/STM32F4xx_HAL_Driver/stm32f4xx_hal_pcd.o
                0x0000000008003fac                HAL_PCD_EP_Transmit
 .text.HAL_PCD_EP_SetStall
                0x0000000008004040       0xc8 ./Drivers/STM32F4xx_HAL_Driver/stm32f4xx_hal_pcd.o
                0x0000000008004040                HAL_PCD_EP_SetStall
 .text.HAL_PCD_EP_ClrStall
                0x0000000008004108       0xac ./Drivers/STM32F4xx_HAL_Driver/stm32f4xx_hal_pcd.o
                0x0000000008004108                HAL_PCD_EP_ClrStall
 .text.HAL_PCD_EP_Abort
                0x00000000080041b4       0x62 ./Drivers/STM32F4xx_HAL_Driver/stm32f4xx_hal_pcd.o
                0x00000000080041b4                HAL_PCD_EP_Abort
 .text.PCD_WriteEmptyTxFifo
                0x0000000008004216      0x11a ./Drivers/STM32F4xx_HAL_Driver/stm32f4xx_hal_pcd.o
 .text.PCD_EP_OutXfrComplete_int
                0x0000000008004330      0x1d0 ./Drivers/STM32F4xx_HAL_Driver/stm32f4xx_hal_pcd.o
 .text.PCD_EP_OutSetupPacket_int
                0x0000000008004500       0x8c ./Drivers/STM32F4xx_HAL_Driver/stm32f4xx_hal_pcd.o
 .text.HAL_PCDEx_SetTxFiFo
                0x000000000800458c       0x8e ./Drivers/STM32F4xx_HAL_Driver/stm32f4xx_hal_pcd_ex.o
                0x000000000800458c                HAL_PCDEx_SetTxFiFo
 .text.HAL_PCDEx_SetRxFiFo
                0x000000000800461a       0x22 ./Drivers/STM32F4xx_HAL_Driver/stm32f4xx_hal_pcd_ex.o
                0x000000000800461a                HAL_PCDEx_SetRxFiFo
 .text.HAL_PCDEx_LPM_Callback
                0x000000000800463c       0x18 ./Drivers/STM32F4xx_HAL_Driver/stm32f4xx_hal_pcd_ex.o
                0x000000000800463c                HAL_PCDEx_LPM_Callback
 .text.HAL_RCC_OscConfig
                0x0000000008004654      0x4f0 ./Drivers/STM32F4xx_HAL_Driver/stm32f4xx_hal_rcc.o
                0x0000000008004654                HAL_RCC_OscConfig
 .text.HAL_RCC_ClockConfig
                0x0000000008004b44      0x1cc ./Drivers/STM32F4xx_HAL_Driver/stm32f4xx_hal_rcc.o
                0x0000000008004b44                HAL_RCC_ClockConfig
 .text.HAL_RCC_GetSysClockFreq
                0x0000000008004d10      0x20c ./Drivers/STM32F4xx_HAL_Driver/stm32f4xx_hal_rcc.o
                0x0000000008004d10                HAL_RCC_GetSysClockFreq
 .text.HAL_RCC_GetHCLKFreq
                0x0000000008004f1c       0x18 ./Drivers/STM32F4xx_HAL_Driver/stm32f4xx_hal_rcc.o
                0x0000000008004f1c                HAL_RCC_GetHCLKFreq
 .text.HAL_RCCEx_PeriphCLKConfig
                0x0000000008004f34      0x380 ./Drivers/STM32F4xx_HAL_Driver/stm32f4xx_hal_rcc_ex.o
                0x0000000008004f34                HAL_RCCEx_PeriphCLKConfig
 .text.HAL_SDRAM_Init
                0x00000000080052b4       0x68 ./Drivers/STM32F4xx_HAL_Driver/stm32f4xx_hal_sdram.o
                0x00000000080052b4                HAL_SDRAM_Init
 .text.HAL_SDRAM_MspInit
                0x000000000800531c       0x14 ./Drivers/STM32F4xx_HAL_Driver/stm32f4xx_hal_sdram.o
                0x000000000800531c                HAL_SDRAM_MspInit
 .text.HAL_SDRAM_SendCommand
                0x0000000008005330       0x6a ./Drivers/STM32F4xx_HAL_Driver/stm32f4xx_hal_sdram.o
                0x0000000008005330                HAL_SDRAM_SendCommand
 .text.HAL_SDRAM_ProgramRefreshRate
                0x000000000800539a       0x50 ./Drivers/STM32F4xx_HAL_Driver/stm32f4xx_hal_sdram.o
                0x000000000800539a                HAL_SDRAM_ProgramRefreshRate
 .text.HAL_SPI_Init
                0x00000000080053ea      0x112 ./Drivers/STM32F4xx_HAL_Driver/stm32f4xx_hal_spi.o
                0x00000000080053ea                HAL_SPI_Init
 .text.HAL_SPI_DeInit
                0x00000000080054fc       0x50 ./Drivers/STM32F4xx_HAL_Driver/stm32f4xx_hal_spi.o
                0x00000000080054fc                HAL_SPI_DeInit
 .text.HAL_SPI_MspInit
                0x000000000800554c       0x14 ./Drivers/STM32F4xx_HAL_Driver/stm32f4xx_hal_spi.o
                0x000000000800554c                HAL_SPI_MspInit
 .text.HAL_SPI_MspDeInit
                0x0000000008005560       0x14 ./Drivers/STM32F4xx_HAL_Driver/stm32f4xx_hal_spi.o
                0x0000000008005560                HAL_SPI_MspDeInit
 .text.HAL_SPI_Transmit
                0x0000000008005574      0x278 ./Drivers/STM32F4xx_HAL_Driver/stm32f4xx_hal_spi.o
                0x0000000008005574                HAL_SPI_Transmit
 .text.HAL_SPI_Receive
                0x00000000080057ec      0x222 ./Drivers/STM32F4xx_HAL_Driver/stm32f4xx_hal_spi.o
                0x00000000080057ec                HAL_SPI_Receive
 .text.HAL_SPI_TransmitReceive
                0x0000000008005a0e      0x344 ./Drivers/STM32F4xx_HAL_Driver/stm32f4xx_hal_spi.o
                0x0000000008005a0e                HAL_SPI_TransmitReceive
 .text.HAL_SPI_GetState
                0x0000000008005d52       0x1c ./Drivers/STM32F4xx_HAL_Driver/stm32f4xx_hal_spi.o
                0x0000000008005d52                HAL_SPI_GetState
 *fill*         0x0000000008005d6e        0x2 
 .text.SPI_WaitFlagStateUntilTimeout
                0x0000000008005d70      0x110 ./Drivers/STM32F4xx_HAL_Driver/stm32f4xx_hal_spi.o
 .text.SPI_EndRxTransaction
                0x0000000008005e80       0xca ./Drivers/STM32F4xx_HAL_Driver/stm32f4xx_hal_spi.o
 *fill*         0x0000000008005f4a        0x2 
 .text.SPI_EndRxTxTransaction
                0x0000000008005f4c       0x84 ./Drivers/STM32F4xx_HAL_Driver/stm32f4xx_hal_spi.o
 .text.FMC_SDRAM_Init
                0x0000000008005fd0       0xba ./Drivers/STM32F4xx_HAL_Driver/stm32f4xx_ll_fmc.o
                0x0000000008005fd0                FMC_SDRAM_Init
 .text.FMC_SDRAM_Timing_Init
                0x000000000800608a       0xd2 ./Drivers/STM32F4xx_HAL_Driver/stm32f4xx_ll_fmc.o
                0x000000000800608a                FMC_SDRAM_Timing_Init
 .text.FMC_SDRAM_SendCommand
                0x000000000800615c       0x7a ./Drivers/STM32F4xx_HAL_Driver/stm32f4xx_ll_fmc.o
                0x000000000800615c                FMC_SDRAM_SendCommand
 .text.FMC_SDRAM_ProgramRefreshRate
                0x00000000080061d6       0x2e ./Drivers/STM32F4xx_HAL_Driver/stm32f4xx_ll_fmc.o
                0x00000000080061d6                FMC_SDRAM_ProgramRefreshRate
 .text.USB_CoreInit
                0x0000000008006204       0xc2 ./Drivers/STM32F4xx_HAL_Driver/stm32f4xx_ll_usb.o
                0x0000000008006204                USB_CoreInit
 *fill*         0x00000000080062c6        0x2 
 .text.USB_SetTurnaroundTime
                0x00000000080062c8      0x144 ./Drivers/STM32F4xx_HAL_Driver/stm32f4xx_ll_usb.o
                0x00000000080062c8                USB_SetTurnaroundTime
 .text.USB_EnableGlobalInt
                0x000000000800640c       0x22 ./Drivers/STM32F4xx_HAL_Driver/stm32f4xx_ll_usb.o
                0x000000000800640c                USB_EnableGlobalInt
 .text.USB_DisableGlobalInt
                0x000000000800642e       0x22 ./Drivers/STM32F4xx_HAL_Driver/stm32f4xx_ll_usb.o
                0x000000000800642e                USB_DisableGlobalInt
 .text.USB_SetCurrentMode
                0x0000000008006450       0x98 ./Drivers/STM32F4xx_HAL_Driver/stm32f4xx_ll_usb.o
                0x0000000008006450                USB_SetCurrentMode
 .text.USB_DevInit
                0x00000000080064e8      0x2c8 ./Drivers/STM32F4xx_HAL_Driver/stm32f4xx_ll_usb.o
                0x00000000080064e8                USB_DevInit
 .text.USB_FlushTxFifo
                0x00000000080067b0       0x68 ./Drivers/STM32F4xx_HAL_Driver/stm32f4xx_ll_usb.o
                0x00000000080067b0                USB_FlushTxFifo
 .text.USB_FlushRxFifo
                0x0000000008006818       0x60 ./Drivers/STM32F4xx_HAL_Driver/stm32f4xx_ll_usb.o
                0x0000000008006818                USB_FlushRxFifo
 .text.USB_SetDevSpeed
                0x0000000008006878       0x32 ./Drivers/STM32F4xx_HAL_Driver/stm32f4xx_ll_usb.o
                0x0000000008006878                USB_SetDevSpeed
 .text.USB_GetDevSpeed
                0x00000000080068aa       0x4a ./Drivers/STM32F4xx_HAL_Driver/stm32f4xx_ll_usb.o
                0x00000000080068aa                USB_GetDevSpeed
 .text.USB_ActivateEndpoint
                0x00000000080068f4      0x10e ./Drivers/STM32F4xx_HAL_Driver/stm32f4xx_ll_usb.o
                0x00000000080068f4                USB_ActivateEndpoint
 *fill*         0x0000000008006a02        0x2 
 .text.USB_DeactivateEndpoint
                0x0000000008006a04      0x1b8 ./Drivers/STM32F4xx_HAL_Driver/stm32f4xx_ll_usb.o
                0x0000000008006a04                USB_DeactivateEndpoint
 .text.USB_EPStartXfer
                0x0000000008006bbc      0x490 ./Drivers/STM32F4xx_HAL_Driver/stm32f4xx_ll_usb.o
                0x0000000008006bbc                USB_EPStartXfer
 .text.USB_EP0StartXfer
                0x000000000800704c      0x2b0 ./Drivers/STM32F4xx_HAL_Driver/stm32f4xx_ll_usb.o
                0x000000000800704c                USB_EP0StartXfer
 .text.USB_EPStopXfer
                0x00000000080072fc      0x154 ./Drivers/STM32F4xx_HAL_Driver/stm32f4xx_ll_usb.o
                0x00000000080072fc                USB_EPStopXfer
 .text.USB_WritePacket
                0x0000000008007450       0x7c ./Drivers/STM32F4xx_HAL_Driver/stm32f4xx_ll_usb.o
                0x0000000008007450                USB_WritePacket
 .text.USB_ReadPacket
                0x00000000080074cc       0xb0 ./Drivers/STM32F4xx_HAL_Driver/stm32f4xx_ll_usb.o
                0x00000000080074cc                USB_ReadPacket
 .text.USB_EPSetStall
                0x000000000800757c       0xdc ./Drivers/STM32F4xx_HAL_Driver/stm32f4xx_ll_usb.o
                0x000000000800757c                USB_EPSetStall
 .text.USB_EPClearStall
                0x0000000008007658       0xcc ./Drivers/STM32F4xx_HAL_Driver/stm32f4xx_ll_usb.o
                0x0000000008007658                USB_EPClearStall
 .text.USB_SetDevAddress
                0x0000000008007724       0x4c ./Drivers/STM32F4xx_HAL_Driver/stm32f4xx_ll_usb.o
                0x0000000008007724                USB_SetDevAddress
 .text.USB_DevConnect
                0x0000000008007770       0x42 ./Drivers/STM32F4xx_HAL_Driver/stm32f4xx_ll_usb.o
                0x0000000008007770                USB_DevConnect
 .text.USB_DevDisconnect
                0x00000000080077b2       0x42 ./Drivers/STM32F4xx_HAL_Driver/stm32f4xx_ll_usb.o
                0x00000000080077b2                USB_DevDisconnect
 .text.USB_ReadInterrupts
                0x00000000080077f4       0x26 ./Drivers/STM32F4xx_HAL_Driver/stm32f4xx_ll_usb.o
                0x00000000080077f4                USB_ReadInterrupts
 .text.USB_ReadDevAllOutEpInterrupt
                0x000000000800781a       0x34 ./Drivers/STM32F4xx_HAL_Driver/stm32f4xx_ll_usb.o
                0x000000000800781a                USB_ReadDevAllOutEpInterrupt
 .text.USB_ReadDevAllInEpInterrupt
                0x000000000800784e       0x34 ./Drivers/STM32F4xx_HAL_Driver/stm32f4xx_ll_usb.o
                0x000000000800784e                USB_ReadDevAllInEpInterrupt
 .text.USB_ReadDevOutEPInterrupt
                0x0000000008007882       0x3c ./Drivers/STM32F4xx_HAL_Driver/stm32f4xx_ll_usb.o
                0x0000000008007882                USB_ReadDevOutEPInterrupt
 .text.USB_ReadDevInEPInterrupt
                0x00000000080078be       0x5c ./Drivers/STM32F4xx_HAL_Driver/stm32f4xx_ll_usb.o
                0x00000000080078be                USB_ReadDevInEPInterrupt
 .text.USB_GetMode
                0x000000000800791a       0x1c ./Drivers/STM32F4xx_HAL_Driver/stm32f4xx_ll_usb.o
                0x000000000800791a                USB_GetMode
 .text.USB_ActivateSetup
                0x0000000008007936       0x46 ./Drivers/STM32F4xx_HAL_Driver/stm32f4xx_ll_usb.o
                0x0000000008007936                USB_ActivateSetup
 .text.USB_EP0_OutStart
                0x000000000800797c       0xbc ./Drivers/STM32F4xx_HAL_Driver/stm32f4xx_ll_usb.o
                0x000000000800797c                USB_EP0_OutStart
 .text.USB_CoreReset
                0x0000000008007a38       0x68 ./Drivers/STM32F4xx_HAL_Driver/stm32f4xx_ll_usb.o
 .text.USBD_CDC_Init
                0x0000000008007aa0      0x1f0 ./Middlewares/USB_Device_Library/usbd_cdc.o
 .text.USBD_CDC_DeInit
                0x0000000008007c90      0x104 ./Middlewares/USB_Device_Library/usbd_cdc.o
 .text.USBD_CDC_Setup
                0x0000000008007d94      0x1b8 ./Middlewares/USB_Device_Library/usbd_cdc.o
 .text.USBD_CDC_DataIn
                0x0000000008007f4c       0xfe ./Middlewares/USB_Device_Library/usbd_cdc.o
 .text.USBD_CDC_DataOut
                0x000000000800804a       0x70 ./Middlewares/USB_Device_Library/usbd_cdc.o
 .text.USBD_CDC_EP0_RxReady
                0x00000000080080ba       0x76 ./Middlewares/USB_Device_Library/usbd_cdc.o
 .text.USBD_CDC_GetFSCfgDesc
                0x0000000008008130       0x70 ./Middlewares/USB_Device_Library/usbd_cdc.o
 .text.USBD_CDC_GetHSCfgDesc
                0x00000000080081a0       0x70 ./Middlewares/USB_Device_Library/usbd_cdc.o
 .text.USBD_CDC_GetOtherSpeedCfgDesc
                0x0000000008008210       0x70 ./Middlewares/USB_Device_Library/usbd_cdc.o
 .text.USBD_CDC_GetDeviceQualifierDescriptor
                0x0000000008008280       0x20 ./Middlewares/USB_Device_Library/usbd_cdc.o
                0x0000000008008280                USBD_CDC_GetDeviceQualifierDescriptor
 .text.USBD_CDC_RegisterInterface
                0x00000000080082a0       0x34 ./Middlewares/USB_Device_Library/usbd_cdc.o
                0x00000000080082a0                USBD_CDC_RegisterInterface
 .text.USBD_CDC_SetTxBuffer
                0x00000000080082d4       0x44 ./Middlewares/USB_Device_Library/usbd_cdc.o
                0x00000000080082d4                USBD_CDC_SetTxBuffer
 .text.USBD_CDC_SetRxBuffer
                0x0000000008008318       0x3a ./Middlewares/USB_Device_Library/usbd_cdc.o
                0x0000000008008318                USBD_CDC_SetRxBuffer
 *fill*         0x0000000008008352        0x2 
 .text.USBD_CDC_TransmitPacket
                0x0000000008008354       0x8c ./Middlewares/USB_Device_Library/usbd_cdc.o
                0x0000000008008354                USBD_CDC_TransmitPacket
 .text.USBD_CDC_ReceivePacket
                0x00000000080083e0       0x6c ./Middlewares/USB_Device_Library/usbd_cdc.o
                0x00000000080083e0                USBD_CDC_ReceivePacket
 .text.USBD_Init
                0x000000000800844c       0x60 ./Middlewares/USB_Device_Library/usbd_core.o
                0x000000000800844c                USBD_Init
 .text.USBD_RegisterClass
                0x00000000080084ac       0x6c ./Middlewares/USB_Device_Library/usbd_core.o
                0x00000000080084ac                USBD_RegisterClass
 .text.USBD_Start
                0x0000000008008518       0x18 ./Middlewares/USB_Device_Library/usbd_core.o
                0x0000000008008518                USBD_Start
 .text.USBD_RunTestMode
                0x0000000008008530       0x16 ./Middlewares/USB_Device_Library/usbd_core.o
                0x0000000008008530                USBD_RunTestMode
 .text.USBD_SetClassConfig
                0x0000000008008546       0x38 ./Middlewares/USB_Device_Library/usbd_core.o
                0x0000000008008546                USBD_SetClassConfig
 .text.USBD_ClrClassConfig
                0x000000000800857e       0x34 ./Middlewares/USB_Device_Library/usbd_core.o
                0x000000000800857e                USBD_ClrClassConfig
 .text.USBD_LL_SetupStage
                0x00000000080085b2       0xaa ./Middlewares/USB_Device_Library/usbd_core.o
                0x00000000080085b2                USBD_LL_SetupStage
 .text.USBD_LL_DataOutStage
                0x000000000800865c      0x166 ./Middlewares/USB_Device_Library/usbd_core.o
                0x000000000800865c                USBD_LL_DataOutStage
 .text.USBD_LL_DataInStage
                0x00000000080087c2      0x164 ./Middlewares/USB_Device_Library/usbd_core.o
                0x00000000080087c2                USBD_LL_DataInStage
 .text.USBD_LL_Reset
                0x0000000008008926       0xa4 ./Middlewares/USB_Device_Library/usbd_core.o
                0x0000000008008926                USBD_LL_Reset
 .text.USBD_LL_SetSpeed
                0x00000000080089ca       0x20 ./Middlewares/USB_Device_Library/usbd_core.o
                0x00000000080089ca                USBD_LL_SetSpeed
 .text.USBD_LL_Suspend
                0x00000000080089ea       0x2c ./Middlewares/USB_Device_Library/usbd_core.o
                0x00000000080089ea                USBD_LL_Suspend
 .text.USBD_LL_Resume
                0x0000000008008a16       0x30 ./Middlewares/USB_Device_Library/usbd_core.o
                0x0000000008008a16                USBD_LL_Resume
 .text.USBD_LL_SOF
                0x0000000008008a46       0x40 ./Middlewares/USB_Device_Library/usbd_core.o
                0x0000000008008a46                USBD_LL_SOF
 .text.USBD_LL_IsoINIncomplete
                0x0000000008008a86       0x64 ./Middlewares/USB_Device_Library/usbd_core.o
                0x0000000008008a86                USBD_LL_IsoINIncomplete
 .text.USBD_LL_IsoOUTIncomplete
                0x0000000008008aea       0x64 ./Middlewares/USB_Device_Library/usbd_core.o
                0x0000000008008aea                USBD_LL_IsoOUTIncomplete
 .text.USBD_LL_DevConnected
                0x0000000008008b4e       0x16 ./Middlewares/USB_Device_Library/usbd_core.o
                0x0000000008008b4e                USBD_LL_DevConnected
 .text.USBD_LL_DevDisconnected
                0x0000000008008b64       0x46 ./Middlewares/USB_Device_Library/usbd_core.o
                0x0000000008008b64                USBD_LL_DevDisconnected
 .text.USBD_CoreFindIF
                0x0000000008008baa       0x1a ./Middlewares/USB_Device_Library/usbd_core.o
                0x0000000008008baa                USBD_CoreFindIF
 .text.USBD_CoreFindEP
                0x0000000008008bc4       0x1a ./Middlewares/USB_Device_Library/usbd_core.o
                0x0000000008008bc4                USBD_CoreFindEP
 .text.USBD_GetEpDesc
                0x0000000008008bde       0x74 ./Middlewares/USB_Device_Library/usbd_core.o
                0x0000000008008bde                USBD_GetEpDesc
 .text.USBD_GetNextDesc
                0x0000000008008c52       0x3a ./Middlewares/USB_Device_Library/usbd_core.o
                0x0000000008008c52                USBD_GetNextDesc
 .text.SWAPBYTE
                0x0000000008008c8c       0x3c ./Middlewares/USB_Device_Library/usbd_ctlreq.o
 .text.USBD_StdDevReq
                0x0000000008008cc8       0xe4 ./Middlewares/USB_Device_Library/usbd_ctlreq.o
                0x0000000008008cc8                USBD_StdDevReq
 .text.USBD_StdItfReq
                0x0000000008008dac       0xd8 ./Middlewares/USB_Device_Library/usbd_ctlreq.o
                0x0000000008008dac                USBD_StdItfReq
 .text.USBD_StdEPReq
                0x0000000008008e84      0x33a ./Middlewares/USB_Device_Library/usbd_ctlreq.o
                0x0000000008008e84                USBD_StdEPReq
 *fill*         0x00000000080091be        0x2 
 .text.USBD_GetDescriptor
                0x00000000080091c0      0x2d4 ./Middlewares/USB_Device_Library/usbd_ctlreq.o
 .text.USBD_SetAddress
                0x0000000008009494       0x88 ./Middlewares/USB_Device_Library/usbd_ctlreq.o
 .text.USBD_SetConfig
                0x000000000800951c      0x154 ./Middlewares/USB_Device_Library/usbd_ctlreq.o
 .text.USBD_GetConfig
                0x0000000008009670       0x6c ./Middlewares/USB_Device_Library/usbd_ctlreq.o
 .text.USBD_GetStatus
                0x00000000080096dc       0x68 ./Middlewares/USB_Device_Library/usbd_ctlreq.o
 .text.USBD_SetFeature
                0x0000000008009744       0x52 ./Middlewares/USB_Device_Library/usbd_ctlreq.o
 .text.USBD_ClrFeature
                0x0000000008009796       0x44 ./Middlewares/USB_Device_Library/usbd_ctlreq.o
 .text.USBD_ParseSetupRequest
                0x00000000080097da       0x74 ./Middlewares/USB_Device_Library/usbd_ctlreq.o
                0x00000000080097da                USBD_ParseSetupRequest
 .text.USBD_CtlError
                0x000000000800984e       0x22 ./Middlewares/USB_Device_Library/usbd_ctlreq.o
                0x000000000800984e                USBD_CtlError
 .text.USBD_GetString
                0x0000000008009870       0x8c ./Middlewares/USB_Device_Library/usbd_ctlreq.o
                0x0000000008009870                USBD_GetString
 .text.USBD_GetLen
                0x00000000080098fc       0x34 ./Middlewares/USB_Device_Library/usbd_ctlreq.o
 .text.USBD_CtlSendData
                0x0000000008009930       0x36 ./Middlewares/USB_Device_Library/usbd_ioreq.o
                0x0000000008009930                USBD_CtlSendData
 .text.USBD_CtlContinueSendData
                0x0000000008009966       0x22 ./Middlewares/USB_Device_Library/usbd_ioreq.o
                0x0000000008009966                USBD_CtlContinueSendData
 .text.USBD_CtlPrepareRx
                0x0000000008009988       0x3a ./Middlewares/USB_Device_Library/usbd_ioreq.o
                0x0000000008009988                USBD_CtlPrepareRx
 .text.USBD_CtlContinueRx
                0x00000000080099c2       0x22 ./Middlewares/USB_Device_Library/usbd_ioreq.o
                0x00000000080099c2                USBD_CtlContinueRx
 .text.USBD_CtlSendStatus
                0x00000000080099e4       0x26 ./Middlewares/USB_Device_Library/usbd_ioreq.o
                0x00000000080099e4                USBD_CtlSendStatus
 .text.USBD_CtlReceiveStatus
                0x0000000008009a0a       0x26 ./Middlewares/USB_Device_Library/usbd_ioreq.o
                0x0000000008009a0a                USBD_CtlReceiveStatus
 .text.MX_USB_DEVICE_Init
                0x0000000008009a30       0x60 ./USB_DEVICE/App/usb_device.o
                0x0000000008009a30                MX_USB_DEVICE_Init
 .text.CDC_Init_HS
                0x0000000008009a90       0x28 ./USB_DEVICE/App/usbd_cdc_if.o
 .text.CDC_DeInit_HS
                0x0000000008009ab8       0x10 ./USB_DEVICE/App/usbd_cdc_if.o
 .text.CDC_Control_HS
                0x0000000008009ac8       0xbc ./USB_DEVICE/App/usbd_cdc_if.o
 .text.CDC_Receive_HS
                0x0000000008009b84       0x28 ./USB_DEVICE/App/usbd_cdc_if.o
 .text.CDC_Transmit_HS
                0x0000000008009bac       0x4c ./USB_DEVICE/App/usbd_cdc_if.o
                0x0000000008009bac                CDC_Transmit_HS
 .text.CDC_TransmitCplt_HS
                0x0000000008009bf8       0x22 ./USB_DEVICE/App/usbd_cdc_if.o
 *fill*         0x0000000008009c1a        0x2 
 .text.USBD_HS_DeviceDescriptor
                0x0000000008009c1c       0x24 ./USB_DEVICE/App/usbd_desc.o
                0x0000000008009c1c                USBD_HS_DeviceDescriptor
 .text.USBD_HS_LangIDStrDescriptor
                0x0000000008009c40       0x24 ./USB_DEVICE/App/usbd_desc.o
                0x0000000008009c40                USBD_HS_LangIDStrDescriptor
 .text.USBD_HS_ProductStrDescriptor
                0x0000000008009c64       0x3c ./USB_DEVICE/App/usbd_desc.o
                0x0000000008009c64                USBD_HS_ProductStrDescriptor
 .text.USBD_HS_ManufacturerStrDescriptor
                0x0000000008009ca0       0x28 ./USB_DEVICE/App/usbd_desc.o
                0x0000000008009ca0                USBD_HS_ManufacturerStrDescriptor
 .text.USBD_HS_SerialStrDescriptor
                0x0000000008009cc8       0x24 ./USB_DEVICE/App/usbd_desc.o
                0x0000000008009cc8                USBD_HS_SerialStrDescriptor
 .text.USBD_HS_ConfigStrDescriptor
                0x0000000008009cec       0x3c ./USB_DEVICE/App/usbd_desc.o
                0x0000000008009cec                USBD_HS_ConfigStrDescriptor
 .text.USBD_HS_InterfaceStrDescriptor
                0x0000000008009d28       0x3c ./USB_DEVICE/App/usbd_desc.o
                0x0000000008009d28                USBD_HS_InterfaceStrDescriptor
 .text.Get_SerialNum
                0x0000000008009d64       0x58 ./USB_DEVICE/App/usbd_desc.o
 .text.IntToUnicode
                0x0000000008009dbc       0x7e ./USB_DEVICE/App/usbd_desc.o
 *fill*         0x0000000008009e3a        0x2 
 .text.HAL_PCD_MspInit
                0x0000000008009e3c       0xa0 ./USB_DEVICE/Target/usbd_conf.o
                0x0000000008009e3c                HAL_PCD_MspInit
 .text.HAL_PCD_SetupStageCallback
                0x0000000008009edc       0x24 ./USB_DEVICE/Target/usbd_conf.o
                0x0000000008009edc                HAL_PCD_SetupStageCallback
 .text.HAL_PCD_DataOutStageCallback
                0x0000000008009f00       0x36 ./USB_DEVICE/Target/usbd_conf.o
                0x0000000008009f00                HAL_PCD_DataOutStageCallback
 .text.HAL_PCD_DataInStageCallback
                0x0000000008009f36       0x34 ./USB_DEVICE/Target/usbd_conf.o
                0x0000000008009f36                HAL_PCD_DataInStageCallback
 .text.HAL_PCD_SOFCallback
                0x0000000008009f6a       0x1c ./USB_DEVICE/Target/usbd_conf.o
                0x0000000008009f6a                HAL_PCD_SOFCallback
 .text.HAL_PCD_ResetCallback
                0x0000000008009f86       0x50 ./USB_DEVICE/Target/usbd_conf.o
                0x0000000008009f86                HAL_PCD_ResetCallback
 *fill*         0x0000000008009fd6        0x2 
 .text.HAL_PCD_SuspendCallback
                0x0000000008009fd8       0x4c ./USB_DEVICE/Target/usbd_conf.o
                0x0000000008009fd8                HAL_PCD_SuspendCallback
 .text.HAL_PCD_ResumeCallback
                0x000000000800a024       0x1c ./USB_DEVICE/Target/usbd_conf.o
                0x000000000800a024                HAL_PCD_ResumeCallback
 .text.HAL_PCD_ISOOUTIncompleteCallback
                0x000000000800a040       0x24 ./USB_DEVICE/Target/usbd_conf.o
                0x000000000800a040                HAL_PCD_ISOOUTIncompleteCallback
 .text.HAL_PCD_ISOINIncompleteCallback
                0x000000000800a064       0x24 ./USB_DEVICE/Target/usbd_conf.o
                0x000000000800a064                HAL_PCD_ISOINIncompleteCallback
 .text.HAL_PCD_ConnectCallback
                0x000000000800a088       0x1c ./USB_DEVICE/Target/usbd_conf.o
                0x000000000800a088                HAL_PCD_ConnectCallback
 .text.HAL_PCD_DisconnectCallback
                0x000000000800a0a4       0x1c ./USB_DEVICE/Target/usbd_conf.o
                0x000000000800a0a4                HAL_PCD_DisconnectCallback
 .text.USBD_LL_Init
                0x000000000800a0c0       0xa4 ./USB_DEVICE/Target/usbd_conf.o
                0x000000000800a0c0                USBD_LL_Init
 .text.USBD_LL_Start
                0x000000000800a164       0x36 ./USB_DEVICE/Target/usbd_conf.o
                0x000000000800a164                USBD_LL_Start
 .text.USBD_LL_OpenEP
                0x000000000800a19a       0x4c ./USB_DEVICE/Target/usbd_conf.o
                0x000000000800a19a                USBD_LL_OpenEP
 .text.USBD_LL_CloseEP
                0x000000000800a1e6       0x3e ./USB_DEVICE/Target/usbd_conf.o
                0x000000000800a1e6                USBD_LL_CloseEP
 .text.USBD_LL_StallEP
                0x000000000800a224       0x3e ./USB_DEVICE/Target/usbd_conf.o
                0x000000000800a224                USBD_LL_StallEP
 .text.USBD_LL_ClearStallEP
                0x000000000800a262       0x3e ./USB_DEVICE/Target/usbd_conf.o
                0x000000000800a262                USBD_LL_ClearStallEP
 .text.USBD_LL_IsStallEP
                0x000000000800a2a0       0x58 ./USB_DEVICE/Target/usbd_conf.o
                0x000000000800a2a0                USBD_LL_IsStallEP
 .text.USBD_LL_SetUSBAddress
                0x000000000800a2f8       0x3e ./USB_DEVICE/Target/usbd_conf.o
                0x000000000800a2f8                USBD_LL_SetUSBAddress
 .text.USBD_LL_Transmit
                0x000000000800a336       0x42 ./USB_DEVICE/Target/usbd_conf.o
                0x000000000800a336                USBD_LL_Transmit
 .text.USBD_LL_PrepareReceive
                0x000000000800a378       0x42 ./USB_DEVICE/Target/usbd_conf.o
                0x000000000800a378                USBD_LL_PrepareReceive
 .text.USBD_LL_GetRxDataSize
                0x000000000800a3ba       0x26 ./USB_DEVICE/Target/usbd_conf.o
                0x000000000800a3ba                USBD_LL_GetRxDataSize
 .text.USBD_static_malloc
                0x000000000800a3e0       0x1c ./USB_DEVICE/Target/usbd_conf.o
                0x000000000800a3e0                USBD_static_malloc
 .text.USBD_static_free
                0x000000000800a3fc       0x14 ./USB_DEVICE/Target/usbd_conf.o
                0x000000000800a3fc                USBD_static_free
 .text.USBD_Get_USB_Status
                0x000000000800a410       0x58 ./USB_DEVICE/Target/usbd_conf.o
                0x000000000800a410                USBD_Get_USB_Status
 .text.__libc_init_array
                0x000000000800a468       0x48 e:/programing dev softwares/stm32cubeide_1.10.1/stm32cubeide/plugins/com.st.stm32cube.ide.mcu.externaltools.gnu-tools-for-stm32.10.3-2021.10.win32_1.0.0.202111181127/tools/bin/../lib/gcc/arm-none-eabi/10.3.1/../../../../arm-none-eabi/lib/thumb/v7e-m+fp/hard\libc_nano.a(lib_a-init.o)
                0x000000000800a468                __libc_init_array
 .text.memset   0x000000000800a4b0       0x10 e:/programing dev softwares/stm32cubeide_1.10.1/stm32cubeide/plugins/com.st.stm32cube.ide.mcu.externaltools.gnu-tools-for-stm32.10.3-2021.10.win32_1.0.0.202111181127/tools/bin/../lib/gcc/arm-none-eabi/10.3.1/../../../../arm-none-eabi/lib/thumb/v7e-m+fp/hard\libc_nano.a(lib_a-memset.o)
                0x000000000800a4b0                memset
 *(.glue_7)
 .glue_7        0x000000000800a4c0        0x0 linker stubs
 *(.glue_7t)
 .glue_7t       0x000000000800a4c0        0x0 linker stubs
 *(.eh_frame)
 .eh_frame      0x000000000800a4c0        0x0 e:/programing dev softwares/stm32cubeide_1.10.1/stm32cubeide/plugins/com.st.stm32cube.ide.mcu.externaltools.gnu-tools-for-stm32.10.3-2021.10.win32_1.0.0.202111181127/tools/bin/../lib/gcc/arm-none-eabi/10.3.1/thumb/v7e-m+fp/hard/crtbegin.o
 *(.init)
 .init          0x000000000800a4c0        0x4 e:/programing dev softwares/stm32cubeide_1.10.1/stm32cubeide/plugins/com.st.stm32cube.ide.mcu.externaltools.gnu-tools-for-stm32.10.3-2021.10.win32_1.0.0.202111181127/tools/bin/../lib/gcc/arm-none-eabi/10.3.1/thumb/v7e-m+fp/hard/crti.o
                0x000000000800a4c0                _init
 .init          0x000000000800a4c4        0x8 e:/programing dev softwares/stm32cubeide_1.10.1/stm32cubeide/plugins/com.st.stm32cube.ide.mcu.externaltools.gnu-tools-for-stm32.10.3-2021.10.win32_1.0.0.202111181127/tools/bin/../lib/gcc/arm-none-eabi/10.3.1/thumb/v7e-m+fp/hard/crtn.o
 *(.fini)
 .fini          0x000000000800a4cc        0x4 e:/programing dev softwares/stm32cubeide_1.10.1/stm32cubeide/plugins/com.st.stm32cube.ide.mcu.externaltools.gnu-tools-for-stm32.10.3-2021.10.win32_1.0.0.202111181127/tools/bin/../lib/gcc/arm-none-eabi/10.3.1/thumb/v7e-m+fp/hard/crti.o
                0x000000000800a4cc                _fini
 .fini          0x000000000800a4d0        0x8 e:/programing dev softwares/stm32cubeide_1.10.1/stm32cubeide/plugins/com.st.stm32cube.ide.mcu.externaltools.gnu-tools-for-stm32.10.3-2021.10.win32_1.0.0.202111181127/tools/bin/../lib/gcc/arm-none-eabi/10.3.1/thumb/v7e-m+fp/hard/crtn.o
                0x000000000800a4d8                . = ALIGN (0x4)
                0x000000000800a4d8                _etext = .

.vfp11_veneer   0x000000000800a4d8        0x0
 .vfp11_veneer  0x000000000800a4d8        0x0 linker stubs

.v4_bx          0x000000000800a4d8        0x0
 .v4_bx         0x000000000800a4d8        0x0 linker stubs

.iplt           0x000000000800a4d8        0x0
 .iplt          0x000000000800a4d8        0x0 e:/programing dev softwares/stm32cubeide_1.10.1/stm32cubeide/plugins/com.st.stm32cube.ide.mcu.externaltools.gnu-tools-for-stm32.10.3-2021.10.win32_1.0.0.202111181127/tools/bin/../lib/gcc/arm-none-eabi/10.3.1/thumb/v7e-m+fp/hard/crtbegin.o

.rodata         0x000000000800a4d8     0x1b68
                0x000000000800a4d8                . = ALIGN (0x4)
 *(.rodata)
 .rodata        0x000000000800a4d8       0x4e ./Core/Src/main.o
 *fill*         0x000000000800a526        0x2 
 .rodata        0x000000000800a528       0x46 ./USB_DEVICE/App/usbd_desc.o
 *(.rodata*)
 *fill*         0x000000000800a56e        0x2 
 .rodata.AHBPrescTable
                0x000000000800a570       0x10 ./Core/Src/system_stm32f4xx.o
                0x000000000800a570                AHBPrescTable
 .rodata.Font24_Table
                0x000000000800a580     0x1ab8 ./Drivers/BSP/STM32F429I-Discovery/stm32f429i_discovery_lcd.o
                0x000000000800a580                Font24_Table
 .rodata.flagBitshiftOffset.0
                0x000000000800c038        0x8 ./Drivers/STM32F4xx_HAL_Driver/stm32f4xx_hal_dma.o
                0x000000000800c040                . = ALIGN (0x4)

.ARM.extab      0x000000000800c040        0x0
                0x000000000800c040                . = ALIGN (0x4)
 *(.ARM.extab* .gnu.linkonce.armextab.*)
                0x000000000800c040                . = ALIGN (0x4)

.ARM            0x000000000800c040        0x8
                0x000000000800c040                . = ALIGN (0x4)
                0x000000000800c040                __exidx_start = .
 *(.ARM.exidx*)
 .ARM.exidx     0x000000000800c040        0x8 e:/programing dev softwares/stm32cubeide_1.10.1/stm32cubeide/plugins/com.st.stm32cube.ide.mcu.externaltools.gnu-tools-for-stm32.10.3-2021.10.win32_1.0.0.202111181127/tools/bin/../lib/gcc/arm-none-eabi/10.3.1/thumb/v7e-m+fp/hard\libgcc.a(_udivmoddi4.o)
                0x000000000800c048                __exidx_end = .
                0x000000000800c048                . = ALIGN (0x4)

.rel.dyn        0x000000000800c048        0x0
 .rel.iplt      0x000000000800c048        0x0 e:/programing dev softwares/stm32cubeide_1.10.1/stm32cubeide/plugins/com.st.stm32cube.ide.mcu.externaltools.gnu-tools-for-stm32.10.3-2021.10.win32_1.0.0.202111181127/tools/bin/../lib/gcc/arm-none-eabi/10.3.1/thumb/v7e-m+fp/hard/crtbegin.o

.preinit_array  0x000000000800c048        0x0
                0x000000000800c048                . = ALIGN (0x4)
                0x000000000800c048                PROVIDE (__preinit_array_start = .)
 *(.preinit_array*)
                0x000000000800c048                PROVIDE (__preinit_array_end = .)
                0x000000000800c048                . = ALIGN (0x4)

.init_array     0x000000000800c048        0x4
                0x000000000800c048                . = ALIGN (0x4)
                0x000000000800c048                PROVIDE (__init_array_start = .)
 *(SORT_BY_NAME(.init_array.*))
 *(.init_array*)
 .init_array    0x000000000800c048        0x4 e:/programing dev softwares/stm32cubeide_1.10.1/stm32cubeide/plugins/com.st.stm32cube.ide.mcu.externaltools.gnu-tools-for-stm32.10.3-2021.10.win32_1.0.0.202111181127/tools/bin/../lib/gcc/arm-none-eabi/10.3.1/thumb/v7e-m+fp/hard/crtbegin.o
                0x000000000800c04c                PROVIDE (__init_array_end = .)
                0x000000000800c04c                . = ALIGN (0x4)

.fini_array     0x000000000800c04c        0x4
                0x000000000800c04c                . = ALIGN (0x4)
                [!provide]                        PROVIDE (__fini_array_start = .)
 *(SORT_BY_NAME(.fini_array.*))
 *(.fini_array*)
 .fini_array    0x000000000800c04c        0x4 e:/programing dev softwares/stm32cubeide_1.10.1/stm32cubeide/plugins/com.st.stm32cube.ide.mcu.externaltools.gnu-tools-for-stm32.10.3-2021.10.win32_1.0.0.202111181127/tools/bin/../lib/gcc/arm-none-eabi/10.3.1/thumb/v7e-m+fp/hard/crtbegin.o
                [!provide]                        PROVIDE (__fini_array_end = .)
                0x000000000800c050                . = ALIGN (0x4)
                0x000000000800c050                _sidata = LOADADDR (.data)

.data           0x0000000020000000      0x144 load address 0x000000000800c050
                0x0000000020000000                . = ALIGN (0x4)
                0x0000000020000000                _sdata = .
 *(.data)
 *(.data*)
 .data.SystemCoreClock
                0x0000000020000000        0x4 ./Core/Src/system_stm32f4xx.o
                0x0000000020000000                SystemCoreClock
 .data.ili9341_drv
                0x0000000020000004       0x38 ./Drivers/BSP/Components/ili9341/ili9341.o
                0x0000000020000004                ili9341_drv
 .data.SpixTimeout
                0x000000002000003c        0x4 ./Drivers/BSP/STM32F429I-Discovery/stm32f429i_discovery.o
                0x000000002000003c                SpixTimeout
 .data.Font24   0x0000000020000040        0x8 ./Drivers/BSP/STM32F429I-Discovery/stm32f429i_discovery_lcd.o
                0x0000000020000040                Font24
 .data.sdramstatus.2
                0x0000000020000048        0x1 ./Drivers/BSP/STM32F429I-Discovery/stm32f429i_discovery_sdram.o
 *fill*         0x0000000020000049        0x3 
 .data.uwTickPrio
                0x000000002000004c        0x4 ./Drivers/STM32F4xx_HAL_Driver/stm32f4xx_hal.o
                0x000000002000004c                uwTickPrio
 .data.uwTickFreq
                0x0000000020000050        0x1 ./Drivers/STM32F4xx_HAL_Driver/stm32f4xx_hal.o
                0x0000000020000050                uwTickFreq
 *fill*         0x0000000020000051        0x3 
 .data.USBD_CDC_DeviceQualifierDesc
                0x0000000020000054        0xa ./Middlewares/USB_Device_Library/usbd_cdc.o
 *fill*         0x000000002000005e        0x2 
 .data.USBD_CDC
                0x0000000020000060       0x38 ./Middlewares/USB_Device_Library/usbd_cdc.o
                0x0000000020000060                USBD_CDC
 .data.USBD_CDC_CfgDesc
                0x0000000020000098       0x43 ./Middlewares/USB_Device_Library/usbd_cdc.o
 .data.CDCInEpAdd
                0x00000000200000db        0x1 ./Middlewares/USB_Device_Library/usbd_cdc.o
 .data.CDCOutEpAdd
                0x00000000200000dc        0x1 ./Middlewares/USB_Device_Library/usbd_cdc.o
 .data.CDCCmdEpAdd
                0x00000000200000dd        0x1 ./Middlewares/USB_Device_Library/usbd_cdc.o
 *fill*         0x00000000200000de        0x2 
 .data.USBD_Interface_fops_HS
                0x00000000200000e0       0x14 ./USB_DEVICE/App/usbd_cdc_if.o
                0x00000000200000e0                USBD_Interface_fops_HS
 .data.HS_Desc  0x00000000200000f4       0x1c ./USB_DEVICE/App/usbd_desc.o
                0x00000000200000f4                HS_Desc
 .data.USBD_HS_DeviceDesc
                0x0000000020000110       0x12 ./USB_DEVICE/App/usbd_desc.o
                0x0000000020000110                USBD_HS_DeviceDesc
 *fill*         0x0000000020000122        0x2 
 .data.USBD_LangIDDesc
                0x0000000020000124        0x4 ./USB_DEVICE/App/usbd_desc.o
                0x0000000020000124                USBD_LangIDDesc
 .data.USBD_StringSerial
                0x0000000020000128       0x1a ./USB_DEVICE/App/usbd_desc.o
                0x0000000020000128                USBD_StringSerial
 *(.RamFunc)
 *(.RamFunc*)
                0x0000000020000144                . = ALIGN (0x4)
 *fill*         0x0000000020000142        0x2 
                0x0000000020000144                _edata = .
                0x000000000800c194                _siccmram = LOADADDR (.ccmram)

.igot.plt       0x0000000020000144        0x0 load address 0x000000000800c194
 .igot.plt      0x0000000020000144        0x0 e:/programing dev softwares/stm32cubeide_1.10.1/stm32cubeide/plugins/com.st.stm32cube.ide.mcu.externaltools.gnu-tools-for-stm32.10.3-2021.10.win32_1.0.0.202111181127/tools/bin/../lib/gcc/arm-none-eabi/10.3.1/thumb/v7e-m+fp/hard/crtbegin.o

.ccmram         0x0000000010000000        0x0 load address 0x000000000800c194
                0x0000000010000000                . = ALIGN (0x4)
                0x0000000010000000                _sccmram = .
 *(.ccmram)
 *(.ccmram*)
                0x0000000010000000                . = ALIGN (0x4)
                0x0000000010000000                _eccmram = .
                0x0000000010000000                . = ALIGN (0x4)

.bss            0x0000000020000144     0x1e80
                0x0000000020000144                _sbss = .
                0x0000000020000144                __bss_start__ = _sbss
 *(.bss)
 .bss           0x0000000020000144       0x1c e:/programing dev softwares/stm32cubeide_1.10.1/stm32cubeide/plugins/com.st.stm32cube.ide.mcu.externaltools.gnu-tools-for-stm32.10.3-2021.10.win32_1.0.0.202111181127/tools/bin/../lib/gcc/arm-none-eabi/10.3.1/thumb/v7e-m+fp/hard/crtbegin.o
 *(.bss*)
 .bss.SpiHandle
                0x0000000020000160       0x58 ./Drivers/BSP/STM32F429I-Discovery/stm32f429i_discovery.o
 .bss.Is_LCD_IO_Initialized
                0x00000000200001b8        0x1 ./Drivers/BSP/STM32F429I-Discovery/stm32f429i_discovery.o
 *fill*         0x00000000200001b9        0x3 
 .bss.LtdcHandler
                0x00000000200001bc       0xa8 ./Drivers/BSP/STM32F429I-Discovery/stm32f429i_discovery_lcd.o
                0x00000000200001bc                LtdcHandler
 .bss.Dma2dHandler
                0x0000000020000264       0x40 ./Drivers/BSP/STM32F429I-Discovery/stm32f429i_discovery_lcd.o
 .bss.PeriphClkInitStruct
                0x00000000200002a4       0x30 ./Drivers/BSP/STM32F429I-Discovery/stm32f429i_discovery_lcd.o
 .bss.ActiveLayer
                0x00000000200002d4        0x4 ./Drivers/BSP/STM32F429I-Discovery/stm32f429i_discovery_lcd.o
 .bss.DrawProp  0x00000000200002d8       0x18 ./Drivers/BSP/STM32F429I-Discovery/stm32f429i_discovery_lcd.o
 .bss.LcdDrv    0x00000000200002f0        0x4 ./Drivers/BSP/STM32F429I-Discovery/stm32f429i_discovery_lcd.o
                0x00000000200002f0                LcdDrv
 .bss.SdramHandle
                0x00000000200002f4       0x34 ./Drivers/BSP/STM32F429I-Discovery/stm32f429i_discovery_sdram.o
 .bss.Timing    0x0000000020000328       0x1c ./Drivers/BSP/STM32F429I-Discovery/stm32f429i_discovery_sdram.o
 .bss.Command   0x0000000020000344       0x10 ./Drivers/BSP/STM32F429I-Discovery/stm32f429i_discovery_sdram.o
 .bss.dmaHandle.1
                0x0000000020000354       0x60 ./Drivers/BSP/STM32F429I-Discovery/stm32f429i_discovery_sdram.o
 .bss.uwTick    0x00000000200003b4        0x4 ./Drivers/STM32F4xx_HAL_Driver/stm32f4xx_hal.o
                0x00000000200003b4                uwTick
 .bss.cfgidx.0  0x00000000200003b8        0x1 ./Middlewares/USB_Device_Library/usbd_ctlreq.o
 *fill*         0x00000000200003b9        0x3 
 .bss.hUsbDeviceHS
                0x00000000200003bc      0x2dc ./USB_DEVICE/App/usb_device.o
                0x00000000200003bc                hUsbDeviceHS
 .bss.UserRxBufferHS
                0x0000000020000698      0x800 ./USB_DEVICE/App/usbd_cdc_if.o
                0x0000000020000698                UserRxBufferHS
 .bss.UserTxBufferHS
                0x0000000020000e98      0x800 ./USB_DEVICE/App/usbd_cdc_if.o
                0x0000000020000e98                UserTxBufferHS
 .bss.USBD_StrDesc
                0x0000000020001698      0x200 ./USB_DEVICE/App/usbd_desc.o
                0x0000000020001698                USBD_StrDesc
 .bss.hpcd_USB_OTG_HS
                0x0000000020001898      0x50c ./USB_DEVICE/Target/usbd_conf.o
                0x0000000020001898                hpcd_USB_OTG_HS
 .bss.mem.0     0x0000000020001da4      0x220 ./USB_DEVICE/Target/usbd_conf.o
 *(COMMON)
                0x0000000020001fc4                . = ALIGN (0x4)
                0x0000000020001fc4                _ebss = .
                0x0000000020001fc4                __bss_end__ = _ebss

._user_heap_stack
                0x0000000020001fc4      0x604
                0x0000000020001fc8                . = ALIGN (0x8)
 *fill*         0x0000000020001fc4        0x4 
                [!provide]                        PROVIDE (end = .)
                0x0000000020001fc8                PROVIDE (_end = .)
                0x00000000200021c8                . = (. + _Min_Heap_Size)
 *fill*         0x0000000020001fc8      0x200 
                0x00000000200025c8                . = (. + _Min_Stack_Size)
 *fill*         0x00000000200021c8      0x400 
                0x00000000200025c8                . = ALIGN (0x8)

/DISCARD/
 libc.a(*)
 libm.a(*)
 libgcc.a(*)

.ARM.attributes
                0x0000000000000000       0x30
 *(.ARM.attributes)
 .ARM.attributes
                0x0000000000000000       0x1e e:/programing dev softwares/stm32cubeide_1.10.1/stm32cubeide/plugins/com.st.stm32cube.ide.mcu.externaltools.gnu-tools-for-stm32.10.3-2021.10.win32_1.0.0.202111181127/tools/bin/../lib/gcc/arm-none-eabi/10.3.1/thumb/v7e-m+fp/hard/crti.o
 .ARM.attributes
                0x000000000000001e       0x34 e:/programing dev softwares/stm32cubeide_1.10.1/stm32cubeide/plugins/com.st.stm32cube.ide.mcu.externaltools.gnu-tools-for-stm32.10.3-2021.10.win32_1.0.0.202111181127/tools/bin/../lib/gcc/arm-none-eabi/10.3.1/thumb/v7e-m+fp/hard/crtbegin.o
 .ARM.attributes
                0x0000000000000052       0x34 ./Core/Src/main.o
 .ARM.attributes
                0x0000000000000086       0x34 ./Core/Src/stm32f4xx_hal_msp.o
 .ARM.attributes
                0x00000000000000ba       0x34 ./Core/Src/stm32f4xx_it.o
 .ARM.attributes
                0x00000000000000ee       0x34 ./Core/Src/system_stm32f4xx.o
 .ARM.attributes
                0x0000000000000122       0x21 ./Core/Startup/startup_stm32f429zitx.o
 .ARM.attributes
                0x0000000000000143       0x34 ./Drivers/BSP/Components/ili9341/ili9341.o
 .ARM.attributes
                0x0000000000000177       0x34 ./Drivers/BSP/STM32F429I-Discovery/stm32f429i_discovery.o
 .ARM.attributes
                0x00000000000001ab       0x34 ./Drivers/BSP/STM32F429I-Discovery/stm32f429i_discovery_lcd.o
 .ARM.attributes
                0x00000000000001df       0x34 ./Drivers/BSP/STM32F429I-Discovery/stm32f429i_discovery_sdram.o
 .ARM.attributes
                0x0000000000000213       0x34 ./Drivers/STM32F4xx_HAL_Driver/stm32f4xx_hal.o
 .ARM.attributes
                0x0000000000000247       0x34 ./Drivers/STM32F4xx_HAL_Driver/stm32f4xx_hal_cortex.o
 .ARM.attributes
                0x000000000000027b       0x34 ./Drivers/STM32F4xx_HAL_Driver/stm32f4xx_hal_dma.o
 .ARM.attributes
                0x00000000000002af       0x34 ./Drivers/STM32F4xx_HAL_Driver/stm32f4xx_hal_dma2d.o
 .ARM.attributes
                0x00000000000002e3       0x34 ./Drivers/STM32F4xx_HAL_Driver/stm32f4xx_hal_gpio.o
 .ARM.attributes
                0x0000000000000317       0x34 ./Drivers/STM32F4xx_HAL_Driver/stm32f4xx_hal_ltdc.o
 .ARM.attributes
                0x000000000000034b       0x34 ./Drivers/STM32F4xx_HAL_Driver/stm32f4xx_hal_pcd.o
 .ARM.attributes
                0x000000000000037f       0x34 ./Drivers/STM32F4xx_HAL_Driver/stm32f4xx_hal_pcd_ex.o
 .ARM.attributes
                0x00000000000003b3       0x34 ./Drivers/STM32F4xx_HAL_Driver/stm32f4xx_hal_rcc.o
 .ARM.attributes
                0x00000000000003e7       0x34 ./Drivers/STM32F4xx_HAL_Driver/stm32f4xx_hal_rcc_ex.o
 .ARM.attributes
                0x000000000000041b       0x34 ./Drivers/STM32F4xx_HAL_Driver/stm32f4xx_hal_sdram.o
 .ARM.attributes
                0x000000000000044f       0x34 ./Drivers/STM32F4xx_HAL_Driver/stm32f4xx_hal_spi.o
 .ARM.attributes
                0x0000000000000483       0x34 ./Drivers/STM32F4xx_HAL_Driver/stm32f4xx_ll_fmc.o
 .ARM.attributes
                0x00000000000004b7       0x34 ./Drivers/STM32F4xx_HAL_Driver/stm32f4xx_ll_usb.o
 .ARM.attributes
                0x00000000000004eb       0x34 ./Middlewares/USB_Device_Library/usbd_cdc.o
 .ARM.attributes
                0x000000000000051f       0x34 ./Middlewares/USB_Device_Library/usbd_core.o
 .ARM.attributes
                0x0000000000000553       0x34 ./Middlewares/USB_Device_Library/usbd_ctlreq.o
 .ARM.attributes
                0x0000000000000587       0x34 ./Middlewares/USB_Device_Library/usbd_ioreq.o
 .ARM.attributes
                0x00000000000005bb       0x34 ./USB_DEVICE/App/usb_device.o
 .ARM.attributes
                0x00000000000005ef       0x34 ./USB_DEVICE/App/usbd_cdc_if.o
 .ARM.attributes
                0x0000000000000623       0x34 ./USB_DEVICE/App/usbd_desc.o
 .ARM.attributes
                0x0000000000000657       0x34 ./USB_DEVICE/Target/usbd_conf.o
 .ARM.attributes
                0x000000000000068b       0x34 e:/programing dev softwares/stm32cubeide_1.10.1/stm32cubeide/plugins/com.st.stm32cube.ide.mcu.externaltools.gnu-tools-for-stm32.10.3-2021.10.win32_1.0.0.202111181127/tools/bin/../lib/gcc/arm-none-eabi/10.3.1/../../../../arm-none-eabi/lib/thumb/v7e-m+fp/hard\libc_nano.a(lib_a-init.o)
 .ARM.attributes
                0x00000000000006bf       0x34 e:/programing dev softwares/stm32cubeide_1.10.1/stm32cubeide/plugins/com.st.stm32cube.ide.mcu.externaltools.gnu-tools-for-stm32.10.3-2021.10.win32_1.0.0.202111181127/tools/bin/../lib/gcc/arm-none-eabi/10.3.1/../../../../arm-none-eabi/lib/thumb/v7e-m+fp/hard\libc_nano.a(lib_a-memset.o)
 .ARM.attributes
                0x00000000000006f3       0x1e e:/programing dev softwares/stm32cubeide_1.10.1/stm32cubeide/plugins/com.st.stm32cube.ide.mcu.externaltools.gnu-tools-for-stm32.10.3-2021.10.win32_1.0.0.202111181127/tools/bin/../lib/gcc/arm-none-eabi/10.3.1/thumb/v7e-m+fp/hard\libgcc.a(_aeabi_uldivmod.o)
 .ARM.attributes
                0x0000000000000711       0x34 e:/programing dev softwares/stm32cubeide_1.10.1/stm32cubeide/plugins/com.st.stm32cube.ide.mcu.externaltools.gnu-tools-for-stm32.10.3-2021.10.win32_1.0.0.202111181127/tools/bin/../lib/gcc/arm-none-eabi/10.3.1/thumb/v7e-m+fp/hard\libgcc.a(_udivmoddi4.o)
 .ARM.attributes
                0x0000000000000745       0x1e e:/programing dev softwares/stm32cubeide_1.10.1/stm32cubeide/plugins/com.st.stm32cube.ide.mcu.externaltools.gnu-tools-for-stm32.10.3-2021.10.win32_1.0.0.202111181127/tools/bin/../lib/gcc/arm-none-eabi/10.3.1/thumb/v7e-m+fp/hard\libgcc.a(_dvmd_tls.o)
 .ARM.attributes
                0x0000000000000763       0x1e e:/programing dev softwares/stm32cubeide_1.10.1/stm32cubeide/plugins/com.st.stm32cube.ide.mcu.externaltools.gnu-tools-for-stm32.10.3-2021.10.win32_1.0.0.202111181127/tools/bin/../lib/gcc/arm-none-eabi/10.3.1/thumb/v7e-m+fp/hard/crtn.o
OUTPUT(m_usbcom.elf elf32-littlearm)
LOAD linker stubs
LOAD e:/programing dev softwares/stm32cubeide_1.10.1/stm32cubeide/plugins/com.st.stm32cube.ide.mcu.externaltools.gnu-tools-for-stm32.10.3-2021.10.win32_1.0.0.202111181127/tools/bin/../lib/gcc/arm-none-eabi/10.3.1/../../../../arm-none-eabi/lib/thumb/v7e-m+fp/hard\libc.a
LOAD e:/programing dev softwares/stm32cubeide_1.10.1/stm32cubeide/plugins/com.st.stm32cube.ide.mcu.externaltools.gnu-tools-for-stm32.10.3-2021.10.win32_1.0.0.202111181127/tools/bin/../lib/gcc/arm-none-eabi/10.3.1/../../../../arm-none-eabi/lib/thumb/v7e-m+fp/hard\libm.a
LOAD e:/programing dev softwares/stm32cubeide_1.10.1/stm32cubeide/plugins/com.st.stm32cube.ide.mcu.externaltools.gnu-tools-for-stm32.10.3-2021.10.win32_1.0.0.202111181127/tools/bin/../lib/gcc/arm-none-eabi/10.3.1/thumb/v7e-m+fp/hard\libgcc.a

.debug_info     0x0000000000000000    0x19c51
 .debug_info    0x0000000000000000      0x8e0 ./Core/Src/main.o
 .debug_info    0x00000000000008e0      0x2c4 ./Core/Src/stm32f4xx_hal_msp.o
 .debug_info    0x0000000000000ba4      0x650 ./Core/Src/stm32f4xx_it.o
 .debug_info    0x00000000000011f4      0x53f ./Core/Src/system_stm32f4xx.o
 .debug_info    0x0000000000001733       0x22 ./Core/Startup/startup_stm32f429zitx.o
 .debug_info    0x0000000000001755      0x3c2 ./Drivers/BSP/Components/ili9341/ili9341.o
 .debug_info    0x0000000000001b17     0x1aeb ./Drivers/BSP/STM32F429I-Discovery/stm32f429i_discovery.o
 .debug_info    0x0000000000003602     0x2618 ./Drivers/BSP/STM32F429I-Discovery/stm32f429i_discovery_lcd.o
 .debug_info    0x0000000000005c1a     0x108d ./Drivers/BSP/STM32F429I-Discovery/stm32f429i_discovery_sdram.o
 .debug_info    0x0000000000006ca7      0x9f4 ./Drivers/STM32F4xx_HAL_Driver/stm32f4xx_hal.o
 .debug_info    0x000000000000769b      0xe51 ./Drivers/STM32F4xx_HAL_Driver/stm32f4xx_hal_cortex.o
 .debug_info    0x00000000000084ec      0x94f ./Drivers/STM32F4xx_HAL_Driver/stm32f4xx_hal_dma.o
 .debug_info    0x0000000000008e3b      0xf91 ./Drivers/STM32F4xx_HAL_Driver/stm32f4xx_hal_dma2d.o
 .debug_info    0x0000000000009dcc      0x786 ./Drivers/STM32F4xx_HAL_Driver/stm32f4xx_hal_gpio.o
 .debug_info    0x000000000000a552     0x114d ./Drivers/STM32F4xx_HAL_Driver/stm32f4xx_hal_ltdc.o
 .debug_info    0x000000000000b69f     0x1695 ./Drivers/STM32F4xx_HAL_Driver/stm32f4xx_hal_pcd.o
 .debug_info    0x000000000000cd34      0x717 ./Drivers/STM32F4xx_HAL_Driver/stm32f4xx_hal_pcd_ex.o
 .debug_info    0x000000000000d44b      0x982 ./Drivers/STM32F4xx_HAL_Driver/stm32f4xx_hal_rcc.o
 .debug_info    0x000000000000ddcd      0x689 ./Drivers/STM32F4xx_HAL_Driver/stm32f4xx_hal_rcc_ex.o
 .debug_info    0x000000000000e456      0xf46 ./Drivers/STM32F4xx_HAL_Driver/stm32f4xx_hal_sdram.o
 .debug_info    0x000000000000f39c     0x1758 ./Drivers/STM32F4xx_HAL_Driver/stm32f4xx_hal_spi.o
 .debug_info    0x0000000000010af4      0xe98 ./Drivers/STM32F4xx_HAL_Driver/stm32f4xx_ll_fmc.o
 .debug_info    0x000000000001198c     0x1a97 ./Drivers/STM32F4xx_HAL_Driver/stm32f4xx_ll_usb.o
 .debug_info    0x0000000000013423     0x130c ./Middlewares/USB_Device_Library/usbd_cdc.o
 .debug_info    0x000000000001472f      0xee7 ./Middlewares/USB_Device_Library/usbd_core.o
 .debug_info    0x0000000000015616      0xb7f ./Middlewares/USB_Device_Library/usbd_ctlreq.o
 .debug_info    0x0000000000016195      0x7da ./Middlewares/USB_Device_Library/usbd_ioreq.o
 .debug_info    0x000000000001696f      0x76a ./USB_DEVICE/App/usb_device.o
 .debug_info    0x00000000000170d9      0x96f ./USB_DEVICE/App/usbd_cdc_if.o
 .debug_info    0x0000000000017a48      0x498 ./USB_DEVICE/App/usbd_desc.o
 .debug_info    0x0000000000017ee0     0x1d71 ./USB_DEVICE/Target/usbd_conf.o

.debug_abbrev   0x0000000000000000     0x4131
 .debug_abbrev  0x0000000000000000      0x214 ./Core/Src/main.o
 .debug_abbrev  0x0000000000000214       0xd4 ./Core/Src/stm32f4xx_hal_msp.o
 .debug_abbrev  0x00000000000002e8      0x199 ./Core/Src/stm32f4xx_it.o
 .debug_abbrev  0x0000000000000481      0x116 ./Core/Src/system_stm32f4xx.o
 .debug_abbrev  0x0000000000000597       0x12 ./Core/Startup/startup_stm32f429zitx.o
 .debug_abbrev  0x00000000000005a9      0x1a8 ./Drivers/BSP/Components/ili9341/ili9341.o
 .debug_abbrev  0x0000000000000751      0x2e2 ./Drivers/BSP/STM32F429I-Discovery/stm32f429i_discovery.o
 .debug_abbrev  0x0000000000000a33      0x32c ./Drivers/BSP/STM32F429I-Discovery/stm32f429i_discovery_lcd.o
 .debug_abbrev  0x0000000000000d5f      0x276 ./Drivers/BSP/STM32F429I-Discovery/stm32f429i_discovery_sdram.o
 .debug_abbrev  0x0000000000000fd5      0x20d ./Drivers/STM32F4xx_HAL_Driver/stm32f4xx_hal.o
 .debug_abbrev  0x00000000000011e2      0x316 ./Drivers/STM32F4xx_HAL_Driver/stm32f4xx_hal_cortex.o
 .debug_abbrev  0x00000000000014f8      0x25b ./Drivers/STM32F4xx_HAL_Driver/stm32f4xx_hal_dma.o
 .debug_abbrev  0x0000000000001753      0x22e ./Drivers/STM32F4xx_HAL_Driver/stm32f4xx_hal_dma2d.o
 .debug_abbrev  0x0000000000001981      0x1c4 ./Drivers/STM32F4xx_HAL_Driver/stm32f4xx_hal_gpio.o
 .debug_abbrev  0x0000000000001b45      0x221 ./Drivers/STM32F4xx_HAL_Driver/stm32f4xx_hal_ltdc.o
 .debug_abbrev  0x0000000000001d66      0x2bb ./Drivers/STM32F4xx_HAL_Driver/stm32f4xx_hal_pcd.o
 .debug_abbrev  0x0000000000002021      0x1ce ./Drivers/STM32F4xx_HAL_Driver/stm32f4xx_hal_pcd_ex.o
 .debug_abbrev  0x00000000000021ef      0x2aa ./Drivers/STM32F4xx_HAL_Driver/stm32f4xx_hal_rcc.o
 .debug_abbrev  0x0000000000002499      0x1a8 ./Drivers/STM32F4xx_HAL_Driver/stm32f4xx_hal_rcc_ex.o
 .debug_abbrev  0x0000000000002641      0x230 ./Drivers/STM32F4xx_HAL_Driver/stm32f4xx_hal_sdram.o
 .debug_abbrev  0x0000000000002871      0x26e ./Drivers/STM32F4xx_HAL_Driver/stm32f4xx_hal_spi.o
 .debug_abbrev  0x0000000000002adf      0x196 ./Drivers/STM32F4xx_HAL_Driver/stm32f4xx_ll_fmc.o
 .debug_abbrev  0x0000000000002c75      0x296 ./Drivers/STM32F4xx_HAL_Driver/stm32f4xx_ll_usb.o
 .debug_abbrev  0x0000000000002f0b      0x2be ./Middlewares/USB_Device_Library/usbd_cdc.o
 .debug_abbrev  0x00000000000031c9      0x263 ./Middlewares/USB_Device_Library/usbd_core.o
 .debug_abbrev  0x000000000000342c      0x25c ./Middlewares/USB_Device_Library/usbd_ctlreq.o
 .debug_abbrev  0x0000000000003688      0x18a ./Middlewares/USB_Device_Library/usbd_ioreq.o
 .debug_abbrev  0x0000000000003812      0x18a ./USB_DEVICE/App/usb_device.o
 .debug_abbrev  0x000000000000399c      0x290 ./USB_DEVICE/App/usbd_cdc_if.o
 .debug_abbrev  0x0000000000003c2c      0x1da ./USB_DEVICE/App/usbd_desc.o
 .debug_abbrev  0x0000000000003e06      0x32b ./USB_DEVICE/Target/usbd_conf.o

.debug_aranges  0x0000000000000000     0x15f0
 .debug_aranges
                0x0000000000000000       0x38 ./Core/Src/main.o
 .debug_aranges
                0x0000000000000038       0x20 ./Core/Src/stm32f4xx_hal_msp.o
 .debug_aranges
                0x0000000000000058       0x68 ./Core/Src/stm32f4xx_it.o
 .debug_aranges
                0x00000000000000c0       0x28 ./Core/Src/system_stm32f4xx.o
 .debug_aranges
                0x00000000000000e8       0x28 ./Core/Startup/startup_stm32f429zitx.o
 .debug_aranges
                0x0000000000000110       0x60 ./Drivers/BSP/Components/ili9341/ili9341.o
 .debug_aranges
                0x0000000000000170      0x138 ./Drivers/BSP/STM32F429I-Discovery/stm32f429i_discovery.o
 .debug_aranges
                0x00000000000002a8      0x1a8 ./Drivers/BSP/STM32F429I-Discovery/stm32f429i_discovery_lcd.o
 .debug_aranges
                0x0000000000000450       0x68 ./Drivers/BSP/STM32F429I-Discovery/stm32f429i_discovery_sdram.o
 .debug_aranges
                0x00000000000004b8      0x100 ./Drivers/STM32F4xx_HAL_Driver/stm32f4xx_hal.o
 .debug_aranges
                0x00000000000005b8      0x118 ./Drivers/STM32F4xx_HAL_Driver/stm32f4xx_hal_cortex.o
 .debug_aranges
                0x00000000000006d0       0x90 ./Drivers/STM32F4xx_HAL_Driver/stm32f4xx_hal_dma.o
 .debug_aranges
                0x0000000000000760      0x118 ./Drivers/STM32F4xx_HAL_Driver/stm32f4xx_hal_dma2d.o
 .debug_aranges
                0x0000000000000878       0x58 ./Drivers/STM32F4xx_HAL_Driver/stm32f4xx_hal_gpio.o
 .debug_aranges
                0x00000000000008d0      0x158 ./Drivers/STM32F4xx_HAL_Driver/stm32f4xx_hal_ltdc.o
 .debug_aranges
                0x0000000000000a28      0x148 ./Drivers/STM32F4xx_HAL_Driver/stm32f4xx_hal_pcd.o
 .debug_aranges
                0x0000000000000b70       0x38 ./Drivers/STM32F4xx_HAL_Driver/stm32f4xx_hal_pcd_ex.o
 .debug_aranges
                0x0000000000000ba8       0x88 ./Drivers/STM32F4xx_HAL_Driver/stm32f4xx_hal_rcc.o
 .debug_aranges
                0x0000000000000c30       0x58 ./Drivers/STM32F4xx_HAL_Driver/stm32f4xx_hal_rcc_ex.o
 .debug_aranges
                0x0000000000000c88       0xe8 ./Drivers/STM32F4xx_HAL_Driver/stm32f4xx_hal_sdram.o
 .debug_aranges
                0x0000000000000d70      0x1d0 ./Drivers/STM32F4xx_HAL_Driver/stm32f4xx_hal_spi.o
 .debug_aranges
                0x0000000000000f40       0xf0 ./Drivers/STM32F4xx_HAL_Driver/stm32f4xx_ll_fmc.o
 .debug_aranges
                0x0000000000001030      0x1a0 ./Drivers/STM32F4xx_HAL_Driver/stm32f4xx_ll_usb.o
 .debug_aranges
                0x00000000000011d0       0x90 ./Middlewares/USB_Device_Library/usbd_cdc.o
 .debug_aranges
                0x0000000000001260       0xd8 ./Middlewares/USB_Device_Library/usbd_core.o
 .debug_aranges
                0x0000000000001338       0x90 ./Middlewares/USB_Device_Library/usbd_ctlreq.o
 .debug_aranges
                0x00000000000013c8       0x50 ./Middlewares/USB_Device_Library/usbd_ioreq.o
 .debug_aranges
                0x0000000000001418       0x20 ./USB_DEVICE/App/usb_device.o
 .debug_aranges
                0x0000000000001438       0x48 ./USB_DEVICE/App/usbd_cdc_if.o
 .debug_aranges
                0x0000000000001480       0x60 ./USB_DEVICE/App/usbd_desc.o
 .debug_aranges
                0x00000000000014e0      0x110 ./USB_DEVICE/Target/usbd_conf.o

.debug_ranges   0x0000000000000000     0x1408
 .debug_ranges  0x0000000000000000       0x28 ./Core/Src/main.o
 .debug_ranges  0x0000000000000028       0x10 ./Core/Src/stm32f4xx_hal_msp.o
 .debug_ranges  0x0000000000000038       0x58 ./Core/Src/stm32f4xx_it.o
 .debug_ranges  0x0000000000000090       0x18 ./Core/Src/system_stm32f4xx.o
 .debug_ranges  0x00000000000000a8       0x20 ./Core/Startup/startup_stm32f429zitx.o
 .debug_ranges  0x00000000000000c8       0x50 ./Drivers/BSP/Components/ili9341/ili9341.o
 .debug_ranges  0x0000000000000118      0x128 ./Drivers/BSP/STM32F429I-Discovery/stm32f429i_discovery.o
 .debug_ranges  0x0000000000000240      0x198 ./Drivers/BSP/STM32F429I-Discovery/stm32f429i_discovery_lcd.o
 .debug_ranges  0x00000000000003d8       0x58 ./Drivers/BSP/STM32F429I-Discovery/stm32f429i_discovery_sdram.o
 .debug_ranges  0x0000000000000430       0xf0 ./Drivers/STM32F4xx_HAL_Driver/stm32f4xx_hal.o
 .debug_ranges  0x0000000000000520      0x108 ./Drivers/STM32F4xx_HAL_Driver/stm32f4xx_hal_cortex.o
 .debug_ranges  0x0000000000000628       0x80 ./Drivers/STM32F4xx_HAL_Driver/stm32f4xx_hal_dma.o
 .debug_ranges  0x00000000000006a8      0x108 ./Drivers/STM32F4xx_HAL_Driver/stm32f4xx_hal_dma2d.o