Archive member included to satisfy reference by file (symbol)

e:/programing dev softwares/stm32cubeide_1.10.1/stm32cubeide/plugins/com.st.stm32cube.ide.mcu.externaltools.gnu-tools-for-stm32.10.3-2021.10.win32_1.0.0.202111181127/tools/bin/../lib/gcc/arm-none-eabi/10.3.1/../../../../arm-none-eabi/lib/thumb/v7e-m+fp/hard\libc_nano.a(lib_a-errno.o)
                              ./Core/Src/syscalls.o (__errno)
e:/programing dev softwares/stm32cubeide_1.10.1/stm32cubeide/plugins/com.st.stm32cube.ide.mcu.externaltools.gnu-tools-for-stm32.10.3-2021.10.win32_1.0.0.202111181127/tools/bin/../lib/gcc/arm-none-eabi/10.3.1/../../../../arm-none-eabi/lib/thumb/v7e-m+fp/hard\libc_nano.a(lib_a-exit.o)
                              e:/programing dev softwares/stm32cubeide_1.10.1/stm32cubeide/plugins/com.st.stm32cube.ide.mcu.externaltools.gnu-tools-for-stm32.10.3-2021.10.win32_1.0.0.202111181127/tools/bin/../lib/gcc/arm-none-eabi/10.3.1/../../../../arm-none-eabi/lib/thumb/v7e-m+fp/hard/crt0.o (exit)
e:/programing dev softwares/stm32cubeide_1.10.1/stm32cubeide/plugins/com.st.stm32cube.ide.mcu.externaltools.gnu-tools-for-stm32.10.3-2021.10.win32_1.0.0.202111181127/tools/bin/../lib/gcc/arm-none-eabi/10.3.1/../../../../arm-none-eabi/lib/thumb/v7e-m+fp/hard\libc_nano.a(lib_a-impure.o)
                              e:/programing dev softwares/stm32cubeide_1.10.1/stm32cubeide/plugins/com.st.stm32cube.ide.mcu.externaltools.gnu-tools-for-stm32.10.3-2021.10.win32_1.0.0.202111181127/tools/bin/../lib/gcc/arm-none-eabi/10.3.1/../../../../arm-none-eabi/lib/thumb/v7e-m+fp/hard\libc_nano.a(lib_a-exit.o) (_global_impure_ptr)
e:/programing dev softwares/stm32cubeide_1.10.1/stm32cubeide/plugins/com.st.stm32cube.ide.mcu.externaltools.gnu-tools-for-stm32.10.3-2021.10.win32_1.0.0.202111181127/tools/bin/../lib/gcc/arm-none-eabi/10.3.1/../../../../arm-none-eabi/lib/thumb/v7e-m+fp/hard\libc_nano.a(lib_a-init.o)
                              e:/programing dev softwares/stm32cubeide_1.10.1/stm32cubeide/plugins/com.st.stm32cube.ide.mcu.externaltools.gnu-tools-for-stm32.10.3-2021.10.win32_1.0.0.202111181127/tools/bin/../lib/gcc/arm-none-eabi/10.3.1/../../../../arm-none-eabi/lib/thumb/v7e-m+fp/hard/crt0.o (__libc_init_array)
e:/programing dev softwares/stm32cubeide_1.10.1/stm32cubeide/plugins/com.st.stm32cube.ide.mcu.externaltools.gnu-tools-for-stm32.10.3-2021.10.win32_1.0.0.202111181127/tools/bin/../lib/gcc/arm-none-eabi/10.3.1/../../../../arm-none-eabi/lib/thumb/v7e-m+fp/hard\libc_nano.a(lib_a-memset.o)
                              e:/programing dev softwares/stm32cubeide_1.10.1/stm32cubeide/plugins/com.st.stm32cube.ide.mcu.externaltools.gnu-tools-for-stm32.10.3-2021.10.win32_1.0.0.202111181127/tools/bin/../lib/gcc/arm-none-eabi/10.3.1/../../../../arm-none-eabi/lib/thumb/v7e-m+fp/hard/crt0.o (memset)
e:/programing dev softwares/stm32cubeide_1.10.1/stm32cubeide/plugins/com.st.stm32cube.ide.mcu.externaltools.gnu-tools-for-stm32.10.3-2021.10.win32_1.0.0.202111181127/tools/bin/../lib/gcc/arm-none-eabi/10.3.1/thumb/v7e-m+fp/hard\libgcc.a(_aeabi_uldivmod.o)
                              ./Drivers/STM32F4xx_HAL_Driver/stm32f4xx_hal_rcc.o (__aeabi_uldivmod)
e:/programing dev softwares/stm32cubeide_1.10.1/stm32cubeide/plugins/com.st.stm32cube.ide.mcu.externaltools.gnu-tools-for-stm32.10.3-2021.10.win32_1.0.0.202111181127/tools/bin/../lib/gcc/arm-none-eabi/10.3.1/thumb/v7e-m+fp/hard\libgcc.a(_udivmoddi4.o)
                              e:/programing dev softwares/stm32cubeide_1.10.1/stm32cubeide/plugins/com.st.stm32cube.ide.mcu.externaltools.gnu-tools-for-stm32.10.3-2021.10.win32_1.0.0.202111181127/tools/bin/../lib/gcc/arm-none-eabi/10.3.1/thumb/v7e-m+fp/hard\libgcc.a(_aeabi_uldivmod.o) (__udivmoddi4)
e:/programing dev softwares/stm32cubeide_1.10.1/stm32cubeide/plugins/com.st.stm32cube.ide.mcu.externaltools.gnu-tools-for-stm32.10.3-2021.10.win32_1.0.0.202111181127/tools/bin/../lib/gcc/arm-none-eabi/10.3.1/thumb/v7e-m+fp/hard\libgcc.a(_dvmd_tls.o)
                              e:/programing dev softwares/stm32cubeide_1.10.1/stm32cubeide/plugins/com.st.stm32cube.ide.mcu.externaltools.gnu-tools-for-stm32.10.3-2021.10.win32_1.0.0.202111181127/tools/bin/../lib/gcc/arm-none-eabi/10.3.1/thumb/v7e-m+fp/hard\libgcc.a(_aeabi_uldivmod.o) (__aeabi_ldiv0)

Discarded input sections

 .text          0x0000000000000000        0x0 e:/programing dev softwares/stm32cubeide_1.10.1/stm32cubeide/plugins/com.st.stm32cube.ide.mcu.externaltools.gnu-tools-for-stm32.10.3-2021.10.win32_1.0.0.202111181127/tools/bin/../lib/gcc/arm-none-eabi/10.3.1/thumb/v7e-m+fp/hard/crti.o
 .data          0x0000000000000000        0x0 e:/programing dev softwares/stm32cubeide_1.10.1/stm32cubeide/plugins/com.st.stm32cube.ide.mcu.externaltools.gnu-tools-for-stm32.10.3-2021.10.win32_1.0.0.202111181127/tools/bin/../lib/gcc/arm-none-eabi/10.3.1/thumb/v7e-m+fp/hard/crti.o
[...]
Memory Configuration

Name             Origin             Length             Attributes
CCMRAM           0x0000000010000000 0x0000000000010000 xrw
RAM              0x0000000020000000 0x0000000000030000 xrw
FLASH            0x0000000008000000 0x0000000000200000 xr
*default*        0x0000000000000000 0xffffffffffffffff

Linker script and memory map

LOAD e:/programing dev softwares/stm32cubeide_1.10.1/stm32cubeide/plugins/com.st.stm32cube.ide.mcu.externaltools.gnu-tools-for-stm32.10.3-2021.10.win32_1.0.0.202111181127/tools/bin/../lib/gcc/arm-none-eabi/10.3.1/thumb/v7e-m+fp/hard/crti.o
LOAD e:/programing dev softwares/stm32cubeide_1.10.1/stm32cubeide/plugins/com.st.stm32cube.ide.mcu.externaltools.gnu-tools-for-stm32.10.3-2021.10.win32_1.0.0.202111181127/tools/bin/../lib/gcc/arm-none-eabi/10.3.1/thumb/v7e-m+fp/hard/crtbegin.o
LOAD e:/programing dev softwares/stm32cubeide_1.10.1/stm32cubeide/plugins/com.st.stm32cube.ide.mcu.externaltools.gnu-tools-for-stm32.10.3-2021.10.win32_1.0.0.202111181127/tools/bin/../lib/gcc/arm-none-eabi/10.3.1/../../../../arm-none-eabi/lib/thumb/v7e-m+fp/hard/crt0.o
LOAD ./Core/Src/main.o
LOAD ./Core/Src/stm32f4xx_hal_msp.o
LOAD ./Core/Src/stm32f4xx_it.o
LOAD ./Core/Src/syscalls.o
LOAD ./Core/Src/sysmem.o
LOAD ./Core/Src/system_stm32f4xx.o
LOAD ./Core/Startup/startup_stm32f429zitx.o
LOAD ./Drivers/STM32F4xx_HAL_Driver/stm32f4xx_hal.o
LOAD ./Drivers/STM32F4xx_HAL_Driver/stm32f4xx_hal_cortex.o
LOAD ./Drivers/STM32F4xx_HAL_Driver/stm32f4xx_hal_dma.o
LOAD ./Drivers/STM32F4xx_HAL_Driver/stm32f4xx_hal_dma_ex.o
LOAD ./Drivers/STM32F4xx_HAL_Driver/stm32f4xx_hal_exti.o
LOAD ./Drivers/STM32F4xx_HAL_Driver/stm32f4xx_hal_flash.o
LOAD ./Drivers/STM32F4xx_HAL_Driver/stm32f4xx_hal_flash_ex.o
LOAD ./Drivers/STM32F4xx_HAL_Driver/stm32f4xx_hal_flash_ramfunc.o
LOAD ./Drivers/STM32F4xx_HAL_Driver/stm32f4xx_hal_gpio.o
LOAD ./Drivers/STM32F4xx_HAL_Driver/stm32f4xx_hal_pwr.o
LOAD ./Drivers/STM32F4xx_HAL_Driver/stm32f4xx_hal_pwr_ex.o
LOAD ./Drivers/STM32F4xx_HAL_Driver/stm32f4xx_hal_rcc.o
LOAD ./Drivers/STM32F4xx_HAL_Driver/stm32f4xx_hal_rcc_ex.o
LOAD ./Drivers/STM32F4xx_HAL_Driver/stm32f4xx_hal_tim.o
LOAD ./Drivers/STM32F4xx_HAL_Driver/stm32f4xx_hal_tim_ex.o
START GROUP
LOAD e:/programing dev softwares/stm32cubeide_1.10.1/stm32cubeide/plugins/com.st.stm32cube.ide.mcu.externaltools.gnu-tools-for-stm32.10.3-2021.10.win32_1.0.0.202111181127/tools/bin/../lib/gcc/arm-none-eabi/10.3.1/../../../../arm-none-eabi/lib/thumb/v7e-m+fp/hard\libc_nano.a
LOAD e:/programing dev softwares/stm32cubeide_1.10.1/stm32cubeide/plugins/com.st.stm32cube.ide.mcu.externaltools.gnu-tools-for-stm32.10.3-2021.10.win32_1.0.0.202111181127/tools/bin/../lib/gcc/arm-none-eabi/10.3.1/../../../../arm-none-eabi/lib/thumb/v7e-m+fp/hard\libm.a
END GROUP
START GROUP
LOAD e:/programing dev softwares/stm32cubeide_1.10.1/stm32cubeide/plugins/com.st.stm32cube.ide.mcu.externaltools.gnu-tools-for-stm32.10.3-2021.10.win32_1.0.0.202111181127/tools/bin/../lib/gcc/arm-none-eabi/10.3.1/thumb/v7e-m+fp/hard\libgcc.a
LOAD e:/programing dev softwares/stm32cubeide_1.10.1/stm32cubeide/plugins/com.st.stm32cube.ide.mcu.externaltools.gnu-tools-for-stm32.10.3-2021.10.win32_1.0.0.202111181127/tools/bin/../lib/gcc/arm-none-eabi/10.3.1/../../../../arm-none-eabi/lib/thumb/v7e-m+fp/hard\libc_nano.a
END GROUP
START GROUP
LOAD e:/programing dev softwares/stm32cubeide_1.10.1/stm32cubeide/plugins/com.st.stm32cube.ide.mcu.externaltools.gnu-tools-for-stm32.10.3-2021.10.win32_1.0.0.202111181127/tools/bin/../lib/gcc/arm-none-eabi/10.3.1/thumb/v7e-m+fp/hard\libgcc.a
LOAD e:/programing dev softwares/stm32cubeide_1.10.1/stm32cubeide/plugins/com.st.stm32cube.ide.mcu.externaltools.gnu-tools-for-stm32.10.3-2021.10.win32_1.0.0.202111181127/tools/bin/../lib/gcc/arm-none-eabi/10.3.1/../../../../arm-none-eabi/lib/thumb/v7e-m+fp/hard\libc_nano.a
LOAD e:/programing dev softwares/stm32cubeide_1.10.1/stm32cubeide/plugins/com.st.stm32cube.ide.mcu.externaltools.gnu-tools-for-stm32.10.3-2021.10.win32_1.0.0.202111181127/tools/bin/../lib/gcc/arm-none-eabi/10.3.1/../../../../arm-none-eabi/lib/thumb/v7e-m+fp/hard\libnosys.a
END GROUP
START GROUP
LOAD e:/programing dev softwares/stm32cubeide_1.10.1/stm32cubeide/plugins/com.st.stm32cube.ide.mcu.externaltools.gnu-tools-for-stm32.10.3-2021.10.win32_1.0.0.202111181127/tools/bin/../lib/gcc/arm-none-eabi/10.3.1/thumb/v7e-m+fp/hard\libgcc.a
LOAD e:/programing dev softwares/stm32cubeide_1.10.1/stm32cubeide/plugins/com.st.stm32cube.ide.mcu.externaltools.gnu-tools-for-stm32.10.3-2021.10.win32_1.0.0.202111181127/tools/bin/../lib/gcc/arm-none-eabi/10.3.1/../../../../arm-none-eabi/lib/thumb/v7e-m+fp/hard\libc_nano.a
LOAD e:/programing dev softwares/stm32cubeide_1.10.1/stm32cubeide/plugins/com.st.stm32cube.ide.mcu.externaltools.gnu-tools-for-stm32.10.3-2021.10.win32_1.0.0.202111181127/tools/bin/../lib/gcc/arm-none-eabi/10.3.1/../../../../arm-none-eabi/lib/thumb/v7e-m+fp/hard\libnosys.a
END GROUP
LOAD e:/programing dev softwares/stm32cubeide_1.10.1/stm32cubeide/plugins/com.st.stm32cube.ide.mcu.externaltools.gnu-tools-for-stm32.10.3-2021.10.win32_1.0.0.202111181127/tools/bin/../lib/gcc/arm-none-eabi/10.3.1/thumb/v7e-m+fp/hard/crtend.o
LOAD e:/programing dev softwares/stm32cubeide_1.10.1/stm32cubeide/plugins/com.st.stm32cube.ide.mcu.externaltools.gnu-tools-for-stm32.10.3-2021.10.win32_1.0.0.202111181127/tools/bin/../lib/gcc/arm-none-eabi/10.3.1/thumb/v7e-m+fp/hard/crtn.o
                0x0000000020030000                _estack = (ORIGIN (RAM) + LENGTH (RAM))
                0x0000000000000200                _Min_Heap_Size = 0x200
                0x0000000000000400                _Min_Stack_Size = 0x400

.isr_vector     0x0000000008000000      0x1ac
                0x0000000008000000                . = ALIGN (0x4)
 *(.isr_vector)
 .isr_vector    0x0000000008000000      0x1ac ./Core/Startup/startup_stm32f429zitx.o
                0x0000000008000000                g_pfnVectors
                0x00000000080001ac                . = ALIGN (0x4)

.text           0x00000000080001ac     0x21f0
                0x00000000080001ac                . = ALIGN (0x4)
 *(.text)
 .text          0x00000000080001ac       0x40 e:/programing dev softwares/stm32cubeide_1.10.1/stm32cubeide/plugins/com.st.stm32cube.ide.mcu.externaltools.gnu-tools-for-stm32.10.3-2021.10.win32_1.0.0.202111181127/tools/bin/../lib/gcc/arm-none-eabi/10.3.1/thumb/v7e-m+fp/hard/crtbegin.o
 .text          0x00000000080001ec       0x30 e:/programing dev softwares/stm32cubeide_1.10.1/stm32cubeide/plugins/com.st.stm32cube.ide.mcu.externaltools.gnu-tools-for-stm32.10.3-2021.10.win32_1.0.0.202111181127/tools/bin/../lib/gcc/arm-none-eabi/10.3.1/thumb/v7e-m+fp/hard\libgcc.a(_aeabi_uldivmod.o)
                0x00000000080001ec                __aeabi_uldivmod
 .text          0x000000000800021c      0x2d0 e:/programing dev softwares/stm32cubeide_1.10.1/stm32cubeide/plugins/com.st.stm32cube.ide.mcu.externaltools.gnu-tools-for-stm32.10.3-2021.10.win32_1.0.0.202111181127/tools/bin/../lib/gcc/arm-none-eabi/10.3.1/thumb/v7e-m+fp/hard\libgcc.a(_udivmoddi4.o)
                0x000000000800021c                __udivmoddi4
 .text          0x00000000080004ec        0x4 e:/programing dev softwares/stm32cubeide_1.10.1/stm32cubeide/plugins/com.st.stm32cube.ide.mcu.externaltools.gnu-tools-for-stm32.10.3-2021.10.win32_1.0.0.202111181127/tools/bin/../lib/gcc/arm-none-eabi/10.3.1/thumb/v7e-m+fp/hard\libgcc.a(_dvmd_tls.o)
                0x00000000080004ec                __aeabi_idiv0
                0x00000000080004ec                __aeabi_ldiv0
 *(.text*)
 .text.main     0x00000000080004f0       0x30 ./Core/Src/main.o
                0x00000000080004f0                main
 .text.SystemClock_Config
                0x0000000008000520       0xe4 ./Core/Src/main.o
                0x0000000008000520                SystemClock_Config
 .text.MX_TIM2_Init
                0x0000000008000604       0x9c ./Core/Src/main.o
 .text.MX_TIM3_Init
                0x00000000080006a0       0x9c ./Core/Src/main.o
 .text.MX_GPIO_Init
                0x000000000800073c       0xa4 ./Core/Src/main.o
 .text.HAL_TIM_PeriodElapsedCallback
                0x00000000080007e0       0x40 ./Core/Src/main.o
                0x00000000080007e0                HAL_TIM_PeriodElapsedCallback
 .text.Error_Handler
                0x0000000008000820        0xa ./Core/Src/main.o
                0x0000000008000820                Error_Handler
 *fill*         0x000000000800082a        0x2 
 .text.HAL_MspInit
                0x000000000800082c       0x50 ./Core/Src/stm32f4xx_hal_msp.o
                0x000000000800082c                HAL_MspInit
 .text.HAL_TIM_Base_MspInit
                0x000000000800087c       0x88 ./Core/Src/stm32f4xx_hal_msp.o
                0x000000000800087c                HAL_TIM_Base_MspInit
 .text.NMI_Handler
                0x0000000008000904        0x6 ./Core/Src/stm32f4xx_it.o
                0x0000000008000904                NMI_Handler
 .text.HardFault_Handler
                0x000000000800090a        0x6 ./Core/Src/stm32f4xx_it.o
                0x000000000800090a                HardFault_Handler
 .text.MemManage_Handler
                0x0000000008000910        0x6 ./Core/Src/stm32f4xx_it.o
                0x0000000008000910                MemManage_Handler
 .text.BusFault_Handler
                0x0000000008000916        0x6 ./Core/Src/stm32f4xx_it.o
                0x0000000008000916                BusFault_Handler
 .text.UsageFault_Handler
                0x000000000800091c        0x6 ./Core/Src/stm32f4xx_it.o
                0x000000000800091c                UsageFault_Handler
 .text.SVC_Handler
                0x0000000008000922        0xe ./Core/Src/stm32f4xx_it.o
                0x0000000008000922                SVC_Handler
 .text.DebugMon_Handler
                0x0000000008000930        0xe ./Core/Src/stm32f4xx_it.o
                0x0000000008000930                DebugMon_Handler
 .text.PendSV_Handler
                0x000000000800093e        0xe ./Core/Src/stm32f4xx_it.o
                0x000000000800093e                PendSV_Handler
 .text.SysTick_Handler
                0x000000000800094c        0xc ./Core/Src/stm32f4xx_it.o
                0x000000000800094c                SysTick_Handler
 .text.TIM2_IRQHandler
                0x0000000008000958       0x14 ./Core/Src/stm32f4xx_it.o
                0x0000000008000958                TIM2_IRQHandler
 .text.TIM3_IRQHandler
                0x000000000800096c       0x14 ./Core/Src/stm32f4xx_it.o
                0x000000000800096c                TIM3_IRQHandler
 .text.SystemInit
                0x0000000008000980       0x24 ./Core/Src/system_stm32f4xx.o
                0x0000000008000980                SystemInit
 .text.Reset_Handler
                0x00000000080009a4       0x50 ./Core/Startup/startup_stm32f429zitx.o
                0x00000000080009a4                Reset_Handler
 .text.Default_Handler
                0x00000000080009f4        0x2 ./Core/Startup/startup_stm32f429zitx.o
                0x00000000080009f4                RTC_Alarm_IRQHandler
                0x00000000080009f4                HASH_RNG_IRQHandler
                0x00000000080009f4                EXTI2_IRQHandler
                0x00000000080009f4                TIM8_CC_IRQHandler
                0x00000000080009f4                UART8_IRQHandler
                0x00000000080009f4                SPI4_IRQHandler
                0x00000000080009f4                TIM1_CC_IRQHandler
                0x00000000080009f4                DMA2_Stream5_IRQHandler
                0x00000000080009f4                DMA1_Stream5_IRQHandler
                0x00000000080009f4                PVD_IRQHandler
                0x00000000080009f4                SDIO_IRQHandler
                0x00000000080009f4                TAMP_STAMP_IRQHandler
                0x00000000080009f4                CAN2_RX1_IRQHandler
                0x00000000080009f4                EXTI3_IRQHandler
                0x00000000080009f4                TIM8_TRG_COM_TIM14_IRQHandler
                0x00000000080009f4                TIM1_UP_TIM10_IRQHandler
                0x00000000080009f4                TIM8_UP_TIM13_IRQHandler
                0x00000000080009f4                I2C3_ER_IRQHandler
                0x00000000080009f4                EXTI0_IRQHandler
                0x00000000080009f4                I2C2_EV_IRQHandler
                0x00000000080009f4                DMA1_Stream2_IRQHandler
                0x00000000080009f4                CAN1_RX0_IRQHandler
                0x00000000080009f4                FPU_IRQHandler
                0x00000000080009f4                OTG_HS_WKUP_IRQHandler
                0x00000000080009f4                LTDC_ER_IRQHandler
                0x00000000080009f4                CAN2_SCE_IRQHandler
                0x00000000080009f4                DMA2_Stream2_IRQHandler
                0x00000000080009f4                SPI1_IRQHandler
                0x00000000080009f4                TIM6_DAC_IRQHandler
                0x00000000080009f4                TIM1_BRK_TIM9_IRQHandler
                0x00000000080009f4                DCMI_IRQHandler
                0x00000000080009f4                CAN2_RX0_IRQHandler
                0x00000000080009f4                DMA2_Stream3_IRQHandler
                0x00000000080009f4                USART6_IRQHandler
                0x00000000080009f4                USART3_IRQHandler
                0x00000000080009f4                CAN1_RX1_IRQHandler
                0x00000000080009f4                UART5_IRQHandler
                0x00000000080009f4                DMA2_Stream0_IRQHandler
                0x00000000080009f4                TIM4_IRQHandler
                0x00000000080009f4                I2C1_EV_IRQHandler
                0x00000000080009f4                DMA1_Stream6_IRQHandler
                0x00000000080009f4                DMA1_Stream1_IRQHandler
                0x00000000080009f4                UART4_IRQHandler
                0x00000000080009f4                RCC_IRQHandler
                0x00000000080009f4                TIM8_BRK_TIM12_IRQHandler
                0x00000000080009f4                Default_Handler
                0x00000000080009f4                EXTI15_10_IRQHandler
                0x00000000080009f4                ADC_IRQHandler
                0x00000000080009f4                DMA1_Stream7_IRQHandler
                0x00000000080009f4                SPI5_IRQHandler
                0x00000000080009f4                TIM7_IRQHandler
                0x00000000080009f4                CAN2_TX_IRQHandler
                0x00000000080009f4                TIM5_IRQHandler
                0x00000000080009f4                DMA2_Stream7_IRQHandler
                0x00000000080009f4                I2C3_EV_IRQHandler
                0x00000000080009f4                EXTI9_5_IRQHandler
                0x00000000080009f4                RTC_WKUP_IRQHandler
                0x00000000080009f4                LTDC_IRQHandler
                0x00000000080009f4                ETH_WKUP_IRQHandler
                0x00000000080009f4                SPI2_IRQHandler
                0x00000000080009f4                OTG_HS_EP1_IN_IRQHandler
                0x00000000080009f4                DMA1_Stream0_IRQHandler
                0x00000000080009f4                CAN1_TX_IRQHandler
                0x00000000080009f4                EXTI4_IRQHandler
                0x00000000080009f4                ETH_IRQHandler
                0x00000000080009f4                OTG_HS_EP1_OUT_IRQHandler
                0x00000000080009f4                WWDG_IRQHandler
                0x00000000080009f4                SPI6_IRQHandler
                0x00000000080009f4                OTG_FS_WKUP_IRQHandler
                0x00000000080009f4                TIM1_TRG_COM_TIM11_IRQHandler
                0x00000000080009f4                OTG_HS_IRQHandler
                0x00000000080009f4                DMA2D_IRQHandler
                0x00000000080009f4                EXTI1_IRQHandler
                0x00000000080009f4                UART7_IRQHandler
                0x00000000080009f4                USART2_IRQHandler
                0x00000000080009f4                I2C2_ER_IRQHandler
                0x00000000080009f4                DMA2_Stream1_IRQHandler
                0x00000000080009f4                CAN1_SCE_IRQHandler
                0x00000000080009f4                FLASH_IRQHandler
                0x00000000080009f4                DMA2_Stream4_IRQHandler
                0x00000000080009f4                USART1_IRQHandler
                0x00000000080009f4                OTG_FS_IRQHandler
                0x00000000080009f4                SPI3_IRQHandler
                0x00000000080009f4                DMA1_Stream4_IRQHandler
                0x00000000080009f4                I2C1_ER_IRQHandler
                0x00000000080009f4                FMC_IRQHandler
                0x00000000080009f4                DMA2_Stream6_IRQHandler
                0x00000000080009f4                SAI1_IRQHandler
                0x00000000080009f4                DMA1_Stream3_IRQHandler
 *fill*         0x00000000080009f6        0x2 
 .text.HAL_Init
                0x00000000080009f8       0x44 ./Drivers/STM32F4xx_HAL_Driver/stm32f4xx_hal.o
                0x00000000080009f8                HAL_Init
 .text.HAL_InitTick
                0x0000000008000a3c       0x60 ./Drivers/STM32F4xx_HAL_Driver/stm32f4xx_hal.o
                0x0000000008000a3c                HAL_InitTick
 .text.HAL_IncTick
                0x0000000008000a9c       0x28 ./Drivers/STM32F4xx_HAL_Driver/stm32f4xx_hal.o
                0x0000000008000a9c                HAL_IncTick
 .text.HAL_GetTick
                0x0000000008000ac4       0x18 ./Drivers/STM32F4xx_HAL_Driver/stm32f4xx_hal.o
                0x0000000008000ac4                HAL_GetTick
 .text.__NVIC_SetPriorityGrouping
                0x0000000008000adc       0x48 ./Drivers/STM32F4xx_HAL_Driver/stm32f4xx_hal_cortex.o
 .text.__NVIC_GetPriorityGrouping
                0x0000000008000b24       0x1c ./Drivers/STM32F4xx_HAL_Driver/stm32f4xx_hal_cortex.o
 .text.__NVIC_EnableIRQ
                0x0000000008000b40       0x3c ./Drivers/STM32F4xx_HAL_Driver/stm32f4xx_hal_cortex.o
 .text.__NVIC_SetPriority
                0x0000000008000b7c       0x54 ./Drivers/STM32F4xx_HAL_Driver/stm32f4xx_hal_cortex.o
 .text.NVIC_EncodePriority
                0x0000000008000bd0       0x66 ./Drivers/STM32F4xx_HAL_Driver/stm32f4xx_hal_cortex.o
 *fill*         0x0000000008000c36        0x2 
 .text.SysTick_Config
                0x0000000008000c38       0x44 ./Drivers/STM32F4xx_HAL_Driver/stm32f4xx_hal_cortex.o
 .text.HAL_NVIC_SetPriorityGrouping
                0x0000000008000c7c       0x16 ./Drivers/STM32F4xx_HAL_Driver/stm32f4xx_hal_cortex.o
                0x0000000008000c7c                HAL_NVIC_SetPriorityGrouping
 .text.HAL_NVIC_SetPriority
                0x0000000008000c92       0x38 ./Drivers/STM32F4xx_HAL_Driver/stm32f4xx_hal_cortex.o
                0x0000000008000c92                HAL_NVIC_SetPriority
 .text.HAL_NVIC_EnableIRQ
                0x0000000008000cca       0x1c ./Drivers/STM32F4xx_HAL_Driver/stm32f4xx_hal_cortex.o
                0x0000000008000cca                HAL_NVIC_EnableIRQ
 .text.HAL_SYSTICK_Config
                0x0000000008000ce6       0x18 ./Drivers/STM32F4xx_HAL_Driver/stm32f4xx_hal_cortex.o
                0x0000000008000ce6                HAL_SYSTICK_Config
 *fill*         0x0000000008000cfe        0x2 
 .text.HAL_GPIO_Init
                0x0000000008000d00      0x358 ./Drivers/STM32F4xx_HAL_Driver/stm32f4xx_hal_gpio.o
                0x0000000008000d00                HAL_GPIO_Init
 .text.HAL_GPIO_WritePin
                0x0000000008001058       0x32 ./Drivers/STM32F4xx_HAL_Driver/stm32f4xx_hal_gpio.o
                0x0000000008001058                HAL_GPIO_WritePin
 .text.HAL_GPIO_TogglePin
                0x000000000800108a       0x34 ./Drivers/STM32F4xx_HAL_Driver/stm32f4xx_hal_gpio.o
                0x000000000800108a                HAL_GPIO_TogglePin
 *fill*         0x00000000080010be        0x2 
 .text.HAL_PWREx_EnableOverDrive
                0x00000000080010c0       0xa0 ./Drivers/STM32F4xx_HAL_Driver/stm32f4xx_hal_pwr_ex.o
                0x00000000080010c0                HAL_PWREx_EnableOverDrive
 .text.HAL_RCC_OscConfig
                0x0000000008001160      0x4f0 ./Drivers/STM32F4xx_HAL_Driver/stm32f4xx_hal_rcc.o
                0x0000000008001160                HAL_RCC_OscConfig
 .text.HAL_RCC_ClockConfig
                0x0000000008001650      0x1cc ./Drivers/STM32F4xx_HAL_Driver/stm32f4xx_hal_rcc.o
                0x0000000008001650                HAL_RCC_ClockConfig
 .text.HAL_RCC_GetSysClockFreq
                0x000000000800181c      0x20c ./Drivers/STM32F4xx_HAL_Driver/stm32f4xx_hal_rcc.o
                0x000000000800181c                HAL_RCC_GetSysClockFreq
 .text.HAL_TIM_Base_Init
                0x0000000008001a28       0x9e ./Drivers/STM32F4xx_HAL_Driver/stm32f4xx_hal_tim.o
                0x0000000008001a28                HAL_TIM_Base_Init
 *fill*         0x0000000008001ac6        0x2 
 .text.HAL_TIM_Base_Start_IT
                0x0000000008001ac8       0xe0 ./Drivers/STM32F4xx_HAL_Driver/stm32f4xx_hal_tim.o
                0x0000000008001ac8                HAL_TIM_Base_Start_IT
 .text.HAL_TIM_IRQHandler
                0x0000000008001ba8      0x210 ./Drivers/STM32F4xx_HAL_Driver/stm32f4xx_hal_tim.o
                0x0000000008001ba8                HAL_TIM_IRQHandler
 .text.HAL_TIM_ConfigClockSource
                0x0000000008001db8      0x18e ./Drivers/STM32F4xx_HAL_Driver/stm32f4xx_hal_tim.o
                0x0000000008001db8                HAL_TIM_ConfigClockSource
 .text.HAL_TIM_OC_DelayElapsedCallback
                0x0000000008001f46       0x14 ./Drivers/STM32F4xx_HAL_Driver/stm32f4xx_hal_tim.o
                0x0000000008001f46                HAL_TIM_OC_DelayElapsedCallback
 .text.HAL_TIM_IC_CaptureCallback
                0x0000000008001f5a       0x14 ./Drivers/STM32F4xx_HAL_Driver/stm32f4xx_hal_tim.o
                0x0000000008001f5a                HAL_TIM_IC_CaptureCallback
 .text.HAL_TIM_PWM_PulseFinishedCallback
                0x0000000008001f6e       0x14 ./Drivers/STM32F4xx_HAL_Driver/stm32f4xx_hal_tim.o
                0x0000000008001f6e                HAL_TIM_PWM_PulseFinishedCallback
 .text.HAL_TIM_TriggerCallback
                0x0000000008001f82       0x14 ./Drivers/STM32F4xx_HAL_Driver/stm32f4xx_hal_tim.o
                0x0000000008001f82                HAL_TIM_TriggerCallback
 *fill*         0x0000000008001f96        0x2 
 .text.TIM_Base_SetConfig
                0x0000000008001f98      0x140 ./Drivers/STM32F4xx_HAL_Driver/stm32f4xx_hal_tim.o
                0x0000000008001f98                TIM_Base_SetConfig
 .text.TIM_TI1_ConfigInputStage
                0x00000000080020d8       0x5e ./Drivers/STM32F4xx_HAL_Driver/stm32f4xx_hal_tim.o
 .text.TIM_TI2_ConfigInputStage
                0x0000000008002136       0x60 ./Drivers/STM32F4xx_HAL_Driver/stm32f4xx_hal_tim.o
 .text.TIM_ITRx_SetConfig
                0x0000000008002196       0x36 ./Drivers/STM32F4xx_HAL_Driver/stm32f4xx_hal_tim.o
 .text.TIM_ETR_SetConfig
                0x00000000080021cc       0x40 ./Drivers/STM32F4xx_HAL_Driver/stm32f4xx_hal_tim.o
                0x00000000080021cc                TIM_ETR_SetConfig
 .text.HAL_TIMEx_MasterConfigSynchronization
                0x000000000800220c       0xf8 ./Drivers/STM32F4xx_HAL_Driver/stm32f4xx_hal_tim_ex.o
                0x000000000800220c                HAL_TIMEx_MasterConfigSynchronization
 .text.HAL_TIMEx_CommutCallback
                0x0000000008002304       0x14 ./Drivers/STM32F4xx_HAL_Driver/stm32f4xx_hal_tim_ex.o
                0x0000000008002304                HAL_TIMEx_CommutCallback
 .text.HAL_TIMEx_BreakCallback
                0x0000000008002318       0x14 ./Drivers/STM32F4xx_HAL_Driver/stm32f4xx_hal_tim_ex.o
                0x0000000008002318                HAL_TIMEx_BreakCallback
 .text.__libc_init_array
                0x000000000800232c       0x48 e:/programing dev softwares/stm32cubeide_1.10.1/stm32cubeide/plugins/com.st.stm32cube.ide.mcu.externaltools.gnu-tools-for-stm32.10.3-2021.10.win32_1.0.0.202111181127/tools/bin/../lib/gcc/arm-none-eabi/10.3.1/../../../../arm-none-eabi/lib/thumb/v7e-m+fp/hard\libc_nano.a(lib_a-init.o)
                0x000000000800232c                __libc_init_array
 .text.memset   0x0000000008002374       0x10 e:/programing dev softwares/stm32cubeide_1.10.1/stm32cubeide/plugins/com.st.stm32cube.ide.mcu.externaltools.gnu-tools-for-stm32.10.3-2021.10.win32_1.0.0.202111181127/tools/bin/../lib/gcc/arm-none-eabi/10.3.1/../../../../arm-none-eabi/lib/thumb/v7e-m+fp/hard\libc_nano.a(lib_a-memset.o)
                0x0000000008002374                memset
 *(.glue_7)
 .glue_7        0x0000000008002384        0x0 linker stubs
 *(.glue_7t)
 .glue_7t       0x0000000008002384        0x0 linker stubs
 *(.eh_frame)
 .eh_frame      0x0000000008002384        0x0 e:/programing dev softwares/stm32cubeide_1.10.1/stm32cubeide/plugins/com.st.stm32cube.ide.mcu.externaltools.gnu-tools-for-stm32.10.3-2021.10.win32_1.0.0.202111181127/tools/bin/../lib/gcc/arm-none-eabi/10.3.1/thumb/v7e-m+fp/hard/crtbegin.o
 *(.init)
 .init          0x0000000008002384        0x4 e:/programing dev softwares/stm32cubeide_1.10.1/stm32cubeide/plugins/com.st.stm32cube.ide.mcu.externaltools.gnu-tools-for-stm32.10.3-2021.10.win32_1.0.0.202111181127/tools/bin/../lib/gcc/arm-none-eabi/10.3.1/thumb/v7e-m+fp/hard/crti.o
                0x0000000008002384                _init
 .init          0x0000000008002388        0x8 e:/programing dev softwares/stm32cubeide_1.10.1/stm32cubeide/plugins/com.st.stm32cube.ide.mcu.externaltools.gnu-tools-for-stm32.10.3-2021.10.win32_1.0.0.202111181127/tools/bin/../lib/gcc/arm-none-eabi/10.3.1/thumb/v7e-m+fp/hard/crtn.o
 *(.fini)
 .fini          0x0000000008002390        0x4 e:/programing dev softwares/stm32cubeide_1.10.1/stm32cubeide/plugins/com.st.stm32cube.ide.mcu.externaltools.gnu-tools-for-stm32.10.3-2021.10.win32_1.0.0.202111181127/tools/bin/../lib/gcc/arm-none-eabi/10.3.1/thumb/v7e-m+fp/hard/crti.o
                0x0000000008002390                _fini
 .fini          0x0000000008002394        0x8 e:/programing dev softwares/stm32cubeide_1.10.1/stm32cubeide/plugins/com.st.stm32cube.ide.mcu.externaltools.gnu-tools-for-stm32.10.3-2021.10.win32_1.0.0.202111181127/tools/bin/../lib/gcc/arm-none-eabi/10.3.1/thumb/v7e-m+fp/hard/crtn.o
                0x000000000800239c                . = ALIGN (0x4)
                0x000000000800239c                _etext = .

.vfp11_veneer   0x000000000800239c        0x0
 .vfp11_veneer  0x000000000800239c        0x0 linker stubs

.v4_bx          0x000000000800239c        0x0
 .v4_bx         0x000000000800239c        0x0 linker stubs

.iplt           0x000000000800239c        0x0
 .iplt          0x000000000800239c        0x0 e:/programing dev softwares/stm32cubeide_1.10.1/stm32cubeide/plugins/com.st.stm32cube.ide.mcu.externaltools.gnu-tools-for-stm32.10.3-2021.10.win32_1.0.0.202111181127/tools/bin/../lib/gcc/arm-none-eabi/10.3.1/thumb/v7e-m+fp/hard/crtbegin.o

.rodata         0x000000000800239c       0x10
                0x000000000800239c                . = ALIGN (0x4)
 *(.rodata)
 *(.rodata*)
 .rodata.AHBPrescTable
                0x000000000800239c       0x10 ./Core/Src/system_stm32f4xx.o
                0x000000000800239c                AHBPrescTable
                0x00000000080023ac                . = ALIGN (0x4)

.ARM.extab      0x00000000080023ac        0x0
                0x00000000080023ac                . = ALIGN (0x4)
 *(.ARM.extab* .gnu.linkonce.armextab.*)
                0x00000000080023ac                . = ALIGN (0x4)

.ARM            0x00000000080023ac        0x8
                0x00000000080023ac                . = ALIGN (0x4)
                0x00000000080023ac                __exidx_start = .
 *(.ARM.exidx*)
 .ARM.exidx     0x00000000080023ac        0x8 e:/programing dev softwares/stm32cubeide_1.10.1/stm32cubeide/plugins/com.st.stm32cube.ide.mcu.externaltools.gnu-tools-for-stm32.10.3-2021.10.win32_1.0.0.202111181127/tools/bin/../lib/gcc/arm-none-eabi/10.3.1/thumb/v7e-m+fp/hard\libgcc.a(_udivmoddi4.o)
                0x00000000080023b4                __exidx_end = .
                0x00000000080023b4                . = ALIGN (0x4)

.rel.dyn        0x00000000080023b4        0x0
 .rel.iplt      0x00000000080023b4        0x0 e:/programing dev softwares/stm32cubeide_1.10.1/stm32cubeide/plugins/com.st.stm32cube.ide.mcu.externaltools.gnu-tools-for-stm32.10.3-2021.10.win32_1.0.0.202111181127/tools/bin/../lib/gcc/arm-none-eabi/10.3.1/thumb/v7e-m+fp/hard/crtbegin.o

.preinit_array  0x00000000080023b4        0x0
                0x00000000080023b4                . = ALIGN (0x4)
                0x00000000080023b4                PROVIDE (__preinit_array_start = .)
 *(.preinit_array*)
                0x00000000080023b4                PROVIDE (__preinit_array_end = .)
                0x00000000080023b4                . = ALIGN (0x4)

.init_array     0x00000000080023b4        0x4
                0x00000000080023b4                . = ALIGN (0x4)
                0x00000000080023b4                PROVIDE (__init_array_start = .)
 *(SORT_BY_NAME(.init_array.*))
 *(.init_array*)
 .init_array    0x00000000080023b4        0x4 e:/programing dev softwares/stm32cubeide_1.10.1/stm32cubeide/plugins/com.st.stm32cube.ide.mcu.externaltools.gnu-tools-for-stm32.10.3-2021.10.win32_1.0.0.202111181127/tools/bin/../lib/gcc/arm-none-eabi/10.3.1/thumb/v7e-m+fp/hard/crtbegin.o
                0x00000000080023b8                PROVIDE (__init_array_end = .)
                0x00000000080023b8                . = ALIGN (0x4)

.fini_array     0x00000000080023b8        0x4
                0x00000000080023b8                . = ALIGN (0x4)
                [!provide]                        PROVIDE (__fini_array_start = .)
 *(SORT_BY_NAME(.fini_array.*))
 *(.fini_array*)
 .fini_array    0x00000000080023b8        0x4 e:/programing dev softwares/stm32cubeide_1.10.1/stm32cubeide/plugins/com.st.stm32cube.ide.mcu.externaltools.gnu-tools-for-stm32.10.3-2021.10.win32_1.0.0.202111181127/tools/bin/../lib/gcc/arm-none-eabi/10.3.1/thumb/v7e-m+fp/hard/crtbegin.o
                [!provide]                        PROVIDE (__fini_array_end = .)
                0x00000000080023bc                . = ALIGN (0x4)
                0x00000000080023bc                _sidata = LOADADDR (.data)

.data           0x0000000020000000        0xc load address 0x00000000080023bc
                0x0000000020000000                . = ALIGN (0x4)
                0x0000000020000000                _sdata = .
 *(.data)
 *(.data*)
 .data.SystemCoreClock
                0x0000000020000000        0x4 ./Core/Src/system_stm32f4xx.o
                0x0000000020000000                SystemCoreClock
 .data.uwTickPrio
                0x0000000020000004        0x4 ./Drivers/STM32F4xx_HAL_Driver/stm32f4xx_hal.o
                0x0000000020000004                uwTickPrio
 .data.uwTickFreq
                0x0000000020000008        0x1 ./Drivers/STM32F4xx_HAL_Driver/stm32f4xx_hal.o
                0x0000000020000008                uwTickFreq
 *(.RamFunc)
 *(.RamFunc*)
                0x000000002000000c                . = ALIGN (0x4)
 *fill*         0x0000000020000009        0x3 
                0x000000002000000c                _edata = .
                0x00000000080023c8                _siccmram = LOADADDR (.ccmram)

.igot.plt       0x000000002000000c        0x0 load address 0x00000000080023c8
 .igot.plt      0x000000002000000c        0x0 e:/programing dev softwares/stm32cubeide_1.10.1/stm32cubeide/plugins/com.st.stm32cube.ide.mcu.externaltools.gnu-tools-for-stm32.10.3-2021.10.win32_1.0.0.202111181127/tools/bin/../lib/gcc/arm-none-eabi/10.3.1/thumb/v7e-m+fp/hard/crtbegin.o

.ccmram         0x0000000010000000        0x0 load address 0x00000000080023c8
                0x0000000010000000                . = ALIGN (0x4)
                0x0000000010000000                _sccmram = .
 *(.ccmram)
 *(.ccmram*)
                0x0000000010000000                . = ALIGN (0x4)
                0x0000000010000000                _eccmram = .
                0x0000000010000000                . = ALIGN (0x4)

.bss            0x000000002000000c       0xb0
                0x000000002000000c                _sbss = .
                0x000000002000000c                __bss_start__ = _sbss
 *(.bss)
 .bss           0x000000002000000c       0x1c e:/programing dev softwares/stm32cubeide_1.10.1/stm32cubeide/plugins/com.st.stm32cube.ide.mcu.externaltools.gnu-tools-for-stm32.10.3-2021.10.win32_1.0.0.202111181127/tools/bin/../lib/gcc/arm-none-eabi/10.3.1/thumb/v7e-m+fp/hard/crtbegin.o
 *(.bss*)
 .bss.htim2     0x0000000020000028       0x48 ./Core/Src/main.o
                0x0000000020000028                htim2
 .bss.htim3     0x0000000020000070       0x48 ./Core/Src/main.o
                0x0000000020000070                htim3
 .bss.uwTick    0x00000000200000b8        0x4 ./Drivers/STM32F4xx_HAL_Driver/stm32f4xx_hal.o
                0x00000000200000b8                uwTick
 *(COMMON)
                0x00000000200000bc                . = ALIGN (0x4)
                0x00000000200000bc                _ebss = .
                0x00000000200000bc                __bss_end__ = _ebss

._user_heap_stack
                0x00000000200000bc      0x604
                0x00000000200000c0                . = ALIGN (0x8)
 *fill*         0x00000000200000bc        0x4 
                [!provide]                        PROVIDE (end = .)
                0x00000000200000c0                PROVIDE (_end = .)
                0x00000000200002c0                . = (. + _Min_Heap_Size)
 *fill*         0x00000000200000c0      0x200 
                0x00000000200006c0                . = (. + _Min_Stack_Size)
 *fill*         0x00000000200002c0      0x400 
                0x00000000200006c0                . = ALIGN (0x8)

/DISCARD/
 libc.a(*)
 libm.a(*)
 libgcc.a(*)

.ARM.attributes
                0x0000000000000000       0x30
 *(.ARM.attributes)
 .ARM.attributes
                0x0000000000000000       0x1e e:/programing dev softwares/stm32cubeide_1.10.1/stm32cubeide/plugins/com.st.stm32cube.ide.mcu.externaltools.gnu-tools-for-stm32.10.3-2021.10.win32_1.0.0.202111181127/tools/bin/../lib/gcc/arm-none-eabi/10.3.1/thumb/v7e-m+fp/hard/crti.o
 .ARM.attributes
                0x000000000000001e       0x34 e:/programing dev softwares/stm32cubeide_1.10.1/stm32cubeide/plugins/com.st.stm32cube.ide.mcu.externaltools.gnu-tools-for-stm32.10.3-2021.10.win32_1.0.0.202111181127/tools/bin/../lib/gcc/arm-none-eabi/10.3.1/thumb/v7e-m+fp/hard/crtbegin.o
 .ARM.attributes
                0x0000000000000052       0x34 ./Core/Src/main.o
 .ARM.attributes
                0x0000000000000086       0x34 ./Core/Src/stm32f4xx_hal_msp.o
 .ARM.attributes
                0x00000000000000ba       0x34 ./Core/Src/stm32f4xx_it.o
 .ARM.attributes
                0x00000000000000ee       0x34 ./Core/Src/system_stm32f4xx.o
 .ARM.attributes
                0x0000000000000122       0x21 ./Core/Startup/startup_stm32f429zitx.o
 .ARM.attributes
                0x0000000000000143       0x34 ./Drivers/STM32F4xx_HAL_Driver/stm32f4xx_hal.o
 .ARM.attributes
                0x0000000000000177       0x34 ./Drivers/STM32F4xx_HAL_Driver/stm32f4xx_hal_cortex.o
 .ARM.attributes
                0x00000000000001ab       0x34 ./Drivers/STM32F4xx_HAL_Driver/stm32f4xx_hal_gpio.o
 .ARM.attributes
                0x00000000000001df       0x34 ./Drivers/STM32F4xx_HAL_Driver/stm32f4xx_hal_pwr_ex.o
 .ARM.attributes
                0x0000000000000213       0x34 ./Drivers/STM32F4xx_HAL_Driver/stm32f4xx_hal_rcc.o
 .ARM.attributes
                0x0000000000000247       0x34 ./Drivers/STM32F4xx_HAL_Driver/stm32f4xx_hal_tim.o
 .ARM.attributes
                0x000000000000027b       0x34 ./Drivers/STM32F4xx_HAL_Driver/stm32f4xx_hal_tim_ex.o
 .ARM.attributes
                0x00000000000002af       0x34 e:/programing dev softwares/stm32cubeide_1.10.1/stm32cubeide/plugins/com.st.stm32cube.ide.mcu.externaltools.gnu-tools-for-stm32.10.3-2021.10.win32_1.0.0.202111181127/tools/bin/../lib/gcc/arm-none-eabi/10.3.1/../../../../arm-none-eabi/lib/thumb/v7e-m+fp/hard\libc_nano.a(lib_a-init.o)
 .ARM.attributes
                0x00000000000002e3       0x34 e:/programing dev softwares/stm32cubeide_1.10.1/stm32cubeide/plugins/com.st.stm32cube.ide.mcu.externaltools.gnu-tools-for-stm32.10.3-2021.10.win32_1.0.0.202111181127/tools/bin/../lib/gcc/arm-none-eabi/10.3.1/../../../../arm-none-eabi/lib/thumb/v7e-m+fp/hard\libc_nano.a(lib_a-memset.o)
 .ARM.attributes
                0x0000000000000317       0x1e e:/programing dev softwares/stm32cubeide_1.10.1/stm32cubeide/plugins/com.st.stm32cube.ide.mcu.externaltools.gnu-tools-for-stm32.10.3-2021.10.win32_1.0.0.202111181127/tools/bin/../lib/gcc/arm-none-eabi/10.3.1/thumb/v7e-m+fp/hard\libgcc.a(_aeabi_uldivmod.o)
 .ARM.attributes
                0x0000000000000335       0x34 e:/programing dev softwares/stm32cubeide_1.10.1/stm32cubeide/plugins/com.st.stm32cube.ide.mcu.externaltools.gnu-tools-for-stm32.10.3-2021.10.win32_1.0.0.202111181127/tools/bin/../lib/gcc/arm-none-eabi/10.3.1/thumb/v7e-m+fp/hard\libgcc.a(_udivmoddi4.o)
 .ARM.attributes
                0x0000000000000369       0x1e e:/programing dev softwares/stm32cubeide_1.10.1/stm32cubeide/plugins/com.st.stm32cube.ide.mcu.externaltools.gnu-tools-for-stm32.10.3-2021.10.win32_1.0.0.202111181127/tools/bin/../lib/gcc/arm-none-eabi/10.3.1/thumb/v7e-m+fp/hard\libgcc.a(_dvmd_tls.o)
 .ARM.attributes
                0x0000000000000387       0x1e e:/programing dev softwares/stm32cubeide_1.10.1/stm32cubeide/plugins/com.st.stm32cube.ide.mcu.externaltools.gnu-tools-for-stm32.10.3-2021.10.win32_1.0.0.202111181127/tools/bin/../lib/gcc/arm-none-eabi/10.3.1/thumb/v7e-m+fp/hard/crtn.o
OUTPUT(LEDBlink.elf elf32-littlearm)
LOAD linker stubs
LOAD e:/programing dev softwares/stm32cubeide_1.10.1/stm32cubeide/plugins/com.st.stm32cube.ide.mcu.externaltools.gnu-tools-for-stm32.10.3-2021.10.win32_1.0.0.202111181127/tools/bin/../lib/gcc/arm-none-eabi/10.3.1/../../../../arm-none-eabi/lib/thumb/v7e-m+fp/hard\libc.a
LOAD e:/programing dev softwares/stm32cubeide_1.10.1/stm32cubeide/plugins/com.st.stm32cube.ide.mcu.externaltools.gnu-tools-for-stm32.10.3-2021.10.win32_1.0.0.202111181127/tools/bin/../lib/gcc/arm-none-eabi/10.3.1/../../../../arm-none-eabi/lib/thumb/v7e-m+fp/hard\libm.a
LOAD e:/programing dev softwares/stm32cubeide_1.10.1/stm32cubeide/plugins/com.st.stm32cube.ide.mcu.externaltools.gnu-tools-for-stm32.10.3-2021.10.win32_1.0.0.202111181127/tools/bin/../lib/gcc/arm-none-eabi/10.3.1/thumb/v7e-m+fp/hard\libgcc.a

.debug_info     0x0000000000000000     0x98ed
 .debug_info    0x0000000000000000      0xeb0 ./Core/Src/main.o
 .debug_info    0x0000000000000eb0      0xbb7 ./Core/Src/stm32f4xx_hal_msp.o
 .debug_info    0x0000000000001a67      0x754 ./Core/Src/stm32f4xx_it.o
 .debug_info    0x00000000000021bb      0x53f ./Core/Src/system_stm32f4xx.o
 .debug_info    0x00000000000026fa       0x22 ./Core/Startup/startup_stm32f429zitx.o
 .debug_info    0x000000000000271c      0x9f4 ./Drivers/STM32F4xx_HAL_Driver/stm32f4xx_hal.o
 .debug_info    0x0000000000003110      0xe51 ./Drivers/STM32F4xx_HAL_Driver/stm32f4xx_hal_cortex.o
 .debug_info    0x0000000000003f61      0x786 ./Drivers/STM32F4xx_HAL_Driver/stm32f4xx_hal_gpio.o
 .debug_info    0x00000000000046e7      0x6e6 ./Drivers/STM32F4xx_HAL_Driver/stm32f4xx_hal_pwr_ex.o
 .debug_info    0x0000000000004dcd      0x982 ./Drivers/STM32F4xx_HAL_Driver/stm32f4xx_hal_rcc.o
 .debug_info    0x000000000000574f     0x2bbe ./Drivers/STM32F4xx_HAL_Driver/stm32f4xx_hal_tim.o
 .debug_info    0x000000000000830d     0x15e0 ./Drivers/STM32F4xx_HAL_Driver/stm32f4xx_hal_tim_ex.o

.debug_abbrev   0x0000000000000000     0x16ee
 .debug_abbrev  0x0000000000000000      0x287 ./Core/Src/main.o
 .debug_abbrev  0x0000000000000287      0x19f ./Core/Src/stm32f4xx_hal_msp.o
 .debug_abbrev  0x0000000000000426      0x184 ./Core/Src/stm32f4xx_it.o
 .debug_abbrev  0x00000000000005aa      0x116 ./Core/Src/system_stm32f4xx.o
 .debug_abbrev  0x00000000000006c0       0x12 ./Core/Startup/startup_stm32f429zitx.o
 .debug_abbrev  0x00000000000006d2      0x20d ./Drivers/STM32F4xx_HAL_Driver/stm32f4xx_hal.o
 .debug_abbrev  0x00000000000008df      0x316 ./Drivers/STM32F4xx_HAL_Driver/stm32f4xx_hal_cortex.o
 .debug_abbrev  0x0000000000000bf5      0x1c4 ./Drivers/STM32F4xx_HAL_Driver/stm32f4xx_hal_gpio.o
 .debug_abbrev  0x0000000000000db9      0x1c9 ./Drivers/STM32F4xx_HAL_Driver/stm32f4xx_hal_pwr_ex.o
 .debug_abbrev  0x0000000000000f82      0x2aa ./Drivers/STM32F4xx_HAL_Driver/stm32f4xx_hal_rcc.o
 .debug_abbrev  0x000000000000122c      0x25d ./Drivers/STM32F4xx_HAL_Driver/stm32f4xx_hal_tim.o
 .debug_abbrev  0x0000000000001489      0x265 ./Drivers/STM32F4xx_HAL_Driver/stm32f4xx_hal_tim_ex.o

.debug_aranges  0x0000000000000000      0x9d0
 .debug_aranges
                0x0000000000000000       0x50 ./Core/Src/main.o
 .debug_aranges
                0x0000000000000050       0x30 ./Core/Src/stm32f4xx_hal_msp.o
 .debug_aranges
                0x0000000000000080       0x70 ./Core/Src/stm32f4xx_it.o
 .debug_aranges
                0x00000000000000f0       0x28 ./Core/Src/system_stm32f4xx.o
 .debug_aranges
                0x0000000000000118       0x28 ./Core/Startup/startup_stm32f429zitx.o
 .debug_aranges
                0x0000000000000140      0x100 ./Drivers/STM32F4xx_HAL_Driver/stm32f4xx_hal.o
 .debug_aranges
                0x0000000000000240      0x118 ./Drivers/STM32F4xx_HAL_Driver/stm32f4xx_hal_cortex.o
 .debug_aranges
                0x0000000000000358       0x58 ./Drivers/STM32F4xx_HAL_Driver/stm32f4xx_hal_gpio.o
 .debug_aranges
                0x00000000000003b0       0x60 ./Drivers/STM32F4xx_HAL_Driver/stm32f4xx_hal_pwr_ex.o
 .debug_aranges
                0x0000000000000410       0x88 ./Drivers/STM32F4xx_HAL_Driver/stm32f4xx_hal_rcc.o
 .debug_aranges
                0x0000000000000498      0x3d0 ./Drivers/STM32F4xx_HAL_Driver/stm32f4xx_hal_tim.o
 .debug_aranges
                0x0000000000000868      0x168 ./Drivers/STM32F4xx_HAL_Driver/stm32f4xx_hal_tim_ex.o

.debug_ranges   0x0000000000000000      0x918
 .debug_ranges  0x0000000000000000       0x40 ./Core/Src/main.o
 .debug_ranges  0x0000000000000040       0x20 ./Core/Src/stm32f4xx_hal_msp.o
 .debug_ranges  0x0000000000000060       0x60 ./Core/Src/stm32f4xx_it.o
 .debug_ranges  0x00000000000000c0       0x18 ./Core/Src/system_stm32f4xx.o
 .debug_ranges  0x00000000000000d8       0x20 ./Core/Startup/startup_stm32f429zitx.o
 .debug_ranges  0x00000000000000f8       0xf0 ./Drivers/STM32F4xx_HAL_Driver/stm32f4xx_hal.o
 .debug_ranges  0x00000000000001e8      0x108 ./Drivers/STM32F4xx_HAL_Driver/stm32f4xx_hal_cortex.o
 .debug_ranges  0x00000000000002f0       0x48 ./Drivers/STM32F4xx_HAL_Driver/stm32f4xx_hal_gpio.o
 .debug_ranges  0x0000000000000338       0x50 ./Drivers/STM32F4xx_HAL_Driver/stm32f4xx_hal_pwr_ex.o
 .debug_ranges  0x0000000000000388       0x78 ./Drivers/STM32F4xx_HAL_Driver/stm32f4xx_hal_rcc.o
 .debug_ranges  0x0000000000000400      0x3c0 ./Drivers/STM32F4xx_HAL_Driver/stm32f4xx_hal_tim.o
 .debug_ranges  0x00000000000007c0      0x158 ./Drivers/STM32F4xx_HAL_Driver/stm32f4xx_hal_tim_ex.o

.debug_macro    0x0000000000000000    0x2241b
 .debug_macro   0x0000000000000000      0x1d3 ./Core/Src/main.o
 .debug_macro   0x00000000000001d3      0xa78 ./Core/Src/main.o
 .debug_macro   0x0000000000000c4b      0x295 ./Core/Src/main.o
 .debug_macro   0x0000000000000ee0       0x2e ./Core/Src/main.o
 .debug_macro   0x0000000000000f0e       0x28 ./Core/Src/main.o
 .debug_macro   0x0000000000000f36       0x22 ./Core/Src/main.o
 .debug_macro   0x0000000000000f58       0x8e ./Core/Src/main.o
 .debug_macro   0x0000000000000fe6       0x51 ./Core/Src/main.o
 .debug_macro   0x0000000000001037      0x103 ./Core/Src/main.o
 .debug_macro   0x000000000000113a       0x6a ./Core/Src/main.o
 .debug_macro   0x00000000000011a4      0x1df ./Core/Src/main.o
 .debug_macro   0x0000000000001383       0x1c ./Core/Src/main.o
 .debug_macro   0x000000000000139f       0x22 ./Core/Src/main.o
 .debug_macro   0x00000000000013c1       0xd9 ./Core/Src/main.o
 .debug_macro   0x000000000000149a     0x102d ./Core/Src/main.o
 .debug_macro   0x00000000000024c7      0x11f ./Core/Src/main.o
 .debug_macro   0x00000000000025e6    0x17fc0 ./Core/Src/main.o
 .debug_macro   0x000000000001a5a6       0x6d ./Core/Src/main.o
 .debug_macro   0x000000000001a613     0x36f5 ./Core/Src/main.o
 .debug_macro   0x000000000001dd08      0x174 ./Core/Src/main.o
 .debug_macro   0x000000000001de7c       0x5c ./Core/Src/main.o
 .debug_macro   0x000000000001ded8      0xca5 ./Core/Src/main.o
 .debug_macro   0x000000000001eb7d      0x9fe ./Core/Src/main.o
 .debug_macro   0x000000000001f57b      0x115 ./Core/Src/main.o
 .debug_macro   0x000000000001f690      0x156 ./Core/Src/main.o
 .debug_macro   0x000000000001f7e6       0xa5 ./Core/Src/main.o
 .debug_macro   0x000000000001f88b      0x182 ./Core/Src/main.o
 .debug_macro   0x000000000001fa0d      0x287 ./Core/Src/main.o
 .debug_macro   0x000000000001fc94       0x5f ./Core/Src/main.o
 .debug_macro   0x000000000001fcf3      0x236 ./Core/Src/main.o
 .debug_macro   0x000000000001ff29      0x132 ./Core/Src/main.o
 .debug_macro   0x000000000002005b      0x41d ./Core/Src/main.o
 .debug_macro   0x0000000000020478       0x2e ./Core/Src/main.o
 .debug_macro   0x00000000000204a6      0x11a ./Core/Src/main.o
 .debug_macro   0x00000000000205c0       0xe2 ./Core/Src/main.o
 .debug_macro   0x00000000000206a2       0x89 ./Core/Src/main.o
 .debug_macro   0x000000000002072b      0x8e6 ./Core/Src/main.o
 .debug_macro   0x0000000000021011       0x47 ./Core/Src/main.o
 .debug_macro   0x0000000000021058      0x134 ./Core/Src/main.o
 .debug_macro   0x000000000002118c       0x1c ./Core/Src/main.o
 .debug_macro   0x00000000000211a8      0x1d3 ./Core/Src/stm32f4xx_hal_msp.o
 .debug_macro   0x000000000002137b      0x1dd ./Core/Src/stm32f4xx_it.o
 .debug_macro   0x0000000000021558      0x1c4 ./Core/Src/system_stm32f4xx.o
 .debug_macro   0x000000000002171c      0x224 ./Drivers/STM32F4xx_HAL_Driver/stm32f4xx_hal.o
 .debug_macro   0x0000000000021940      0x1c4 ./Drivers/STM32F4xx_HAL_Driver/stm32f4xx_hal_cortex.o
 .debug_macro   0x0000000000021b04      0x1ca ./Drivers/STM32F4xx_HAL_Driver/stm32f4xx_hal_gpio.o
 .debug_macro   0x0000000000021cce      0x1dc ./Drivers/STM32F4xx_HAL_Driver/stm32f4xx_hal_pwr_ex.o
 .debug_macro   0x0000000000021eaa      0x1e8 ./Drivers/STM32F4xx_HAL_Driver/stm32f4xx_hal_rcc.o
 .debug_macro   0x0000000000022092      0x1c5 ./Drivers/STM32F4xx_HAL_Driver/stm32f4xx_hal_tim.o
 .debug_macro   0x0000000000022257      0x1c4 ./Drivers/STM32F4xx_HAL_Driver/stm32f4xx_hal_tim_ex.o

.debug_line     0x0000000000000000     0xb60f
 .debug_line    0x0000000000000000      0x978 ./Core/Src/main.o
 .debug_line    0x0000000000000978      0x865 ./Core/Src/stm32f4xx_hal_msp.o
 .debug_line    0x00000000000011dd      0x8fa ./Core/Src/stm32f4xx_it.o
 .debug_line    0x0000000000001ad7      0x889 ./Core/Src/system_stm32f4xx.o
 .debug_line    0x0000000000002360       0x88 ./Core/Startup/startup_stm32f429zitx.o
 .debug_line    0x00000000000023e8      0xb5c ./Drivers/STM32F4xx_HAL_Driver/stm32f4xx_hal.o
 .debug_line    0x0000000000002f44      0xdd5 ./Drivers/STM32F4xx_HAL_Driver/stm32f4xx_hal_cortex.o
 .debug_line    0x0000000000003d19      0xcc2 ./Drivers/STM32F4xx_HAL_Driver/stm32f4xx_hal_gpio.o
 .debug_line    0x00000000000049db      0xa55 ./Drivers/STM32F4xx_HAL_Driver/stm32f4xx_hal_pwr_ex.o
 .debug_line    0x0000000000005430      0xea2 ./Drivers/STM32F4xx_HAL_Driver/stm32f4xx_hal_rcc.o
 .debug_line    0x00000000000062d2     0x381a ./Drivers/STM32F4xx_HAL_Driver/stm32f4xx_hal_tim.o
 .debug_line    0x0000000000009aec     0x1b23 ./Drivers/STM32F4xx_HAL_Driver/stm32f4xx_hal_tim_ex.o

.debug_str      0x0000000000000000    0xd3966
 .debug_str     0x0000000000000000    0xd0f84 ./Core/Src/main.o
                                      0xd12c9 (size before relaxing)
 .debug_str     0x00000000000d0f84      0x5e7 ./Core/Src/stm32f4xx_hal_msp.o
                                      0xd148f (size before relaxing)
 .debug_str     0x00000000000d156b       0xfc ./Core/Src/stm32f4xx_it.o
                                      0xd0e87 (size before relaxing)
 .debug_str     0x00000000000d1667       0xdb ./Core/Src/system_stm32f4xx.o
                                      0xd09fc (size before relaxing)
 .debug_str     0x00000000000d1742       0x36 ./Core/Startup/startup_stm32f429zitx.o
                                         0x88 (size before relaxing)
 .debug_str     0x00000000000d1778      0x689 ./Drivers/STM32F4xx_HAL_Driver/stm32f4xx_hal.o
                                      0xd1656 (size before relaxing)
 .debug_str     0x00000000000d1e01      0x369 ./Drivers/STM32F4xx_HAL_Driver/stm32f4xx_hal_cortex.o
                                      0xd133b (size before relaxing)
 .debug_str     0x00000000000d216a      0x155 ./Drivers/STM32F4xx_HAL_Driver/stm32f4xx_hal_gpio.o
                                      0xd0bae (size before relaxing)
 .debug_str     0x00000000000d22bf      0x16c ./Drivers/STM32F4xx_HAL_Driver/stm32f4xx_hal_pwr_ex.o
                                      0xd0c0b (size before relaxing)
 .debug_str     0x00000000000d242b      0x26a ./Drivers/STM32F4xx_HAL_Driver/stm32f4xx_hal_rcc.o
                                      0xd0e67 (size before relaxing)
 .debug_str     0x00000000000d2695      0xe07 ./Drivers/STM32F4xx_HAL_Driver/stm32f4xx_hal_tim.o
                                      0xd1d9a (size before relaxing)
 .debug_str     0x00000000000d349c      0x4ca ./Drivers/STM32F4xx_HAL_Driver/stm32f4xx_hal_tim_ex.o
                                      0xd15b6 (size before relaxing)

.comment        0x0000000000000000       0x50
 .comment       0x0000000000000000       0x50 ./Core/Src/main.o
                                         0x51 (size before relaxing)
 .comment       0x0000000000000050       0x51 ./Core/Src/stm32f4xx_hal_msp.o
 .comment       0x0000000000000050       0x51 ./Core/Src/stm32f4xx_it.o
 .comment       0x0000000000000050       0x51 ./Core/Src/system_stm32f4xx.o
 .comment       0x0000000000000050       0x51 ./Drivers/STM32F4xx_HAL_Driver/stm32f4xx_hal.o
 .comment       0x0000000000000050       0x51 ./Drivers/STM32F4xx_HAL_Driver/stm32f4xx_hal_cortex.o
 .comment       0x0000000000000050       0x51 ./Drivers/STM32F4xx_HAL_Driver/stm32f4xx_hal_gpio.o
 .comment       0x0000000000000050       0x51 ./Drivers/STM32F4xx_HAL_Driver/stm32f4xx_hal_pwr_ex.o
 .comment       0x0000000000000050       0x51 ./Drivers/STM32F4xx_HAL_Driver/stm32f4xx_hal_rcc.o
 .comment       0x0000000000000050       0x51 ./Drivers/STM32F4xx_HAL_Driver/stm32f4xx_hal_tim.o
 .comment       0x0000000000000050       0x51 ./Drivers/STM32F4xx_HAL_Driver/stm32f4xx_hal_tim_ex.o

.debug_frame    0x0000000000000000     0x288c
 .debug_frame   0x0000000000000000       0xf8 ./Core/Src/main.o
 .debug_frame   0x00000000000000f8       0x80 ./Core/Src/stm32f4xx_hal_msp.o
 .debug_frame   0x0000000000000178      0x13c ./Core/Src/stm32f4xx_it.o
 .debug_frame   0x00000000000002b4       0x58 ./Core/Src/system_stm32f4xx.o
 .debug_frame   0x000000000000030c      0x3b4 ./Drivers/STM32F4xx_HAL_Driver/stm32f4xx_hal.o
 .debug_frame   0x00000000000006c0      0x498 ./Drivers/STM32F4xx_HAL_Driver/stm32f4xx_hal_cortex.o
 .debug_frame   0x0000000000000b58      0x14c ./Drivers/STM32F4xx_HAL_Driver/stm32f4xx_hal_gpio.o
 .debug_frame   0x0000000000000ca4      0x14c ./Drivers/STM32F4xx_HAL_Driver/stm32f4xx_hal_pwr_ex.o
 .debug_frame   0x0000000000000df0      0x1f4 ./Drivers/STM32F4xx_HAL_Driver/stm32f4xx_hal_rcc.o
 .debug_frame   0x0000000000000fe4     0x11c4 ./Drivers/STM32F4xx_HAL_Driver/stm32f4xx_hal_tim.o
 .debug_frame   0x00000000000021a8      0x638 ./Drivers/STM32F4xx_HAL_Driver/stm32f4xx_hal_tim_ex.o
 .debug_frame   0x00000000000027e0       0x2c e:/programing dev softwares/stm32cubeide_1.10.1/stm32cubeide/plugins/com.st.stm32cube.ide.mcu.externaltools.gnu-tools-for-stm32.10.3-2021.10.win32_1.0.0.202111181127/tools/bin/../lib/gcc/arm-none-eabi/10.3.1/../../../../arm-none-eabi/lib/thumb/v7e-m+fp/hard\libc_nano.a(lib_a-init.o)
 .debug_frame   0x000000000000280c       0x20 e:/programing dev softwares/stm32cubeide_1.10.1/stm32cubeide/plugins/com.st.stm32cube.ide.mcu.externaltools.gnu-tools-for-stm32.10.3-2021.10.win32_1.0.0.202111181127/tools/bin/../lib/gcc/arm-none-eabi/10.3.1/../../../../arm-none-eabi/lib/thumb/v7e-m+fp/hard\libc_nano.a(lib_a-memset.o)
 .debug_frame   0x000000000000282c       0x2c e:/programing dev softwares/stm32cubeide_1.10.1/stm32cubeide/plugins/com.st.stm32cube.ide.mcu.externaltools.gnu-tools-for-stm32.10.3-2021.10.win32_1.0.0.202111181127/tools/bin/../lib/gcc/arm-none-eabi/10.3.1/thumb/v7e-m+fp/hard\libgcc.a(_aeabi_uldivmod.o)
 .debug_frame   0x0000000000002858       0x34 e:/programing dev softwares/stm32cubeide_1.10.1/stm32cubeide/plugins/com.st.stm32cube.ide.mcu.externaltools.gnu-tools-for-stm32.10.3-2021.10.win32_1.0.0.202111181127/tools/bin/../lib/gcc/arm-none-eabi/10.3.1/thumb/v7e-m+fp/hard\libgcc.a(_udivmoddi4.o)
